Component: ARM Compiler 5.06 update 6 (build 750) Tool: armlink [4d35ed]

==============================================================================

Section Cross References

    control.o(i.Control_DutyCycle_Handler) refers to timers.o(i.PWM_Set_Value) for PWM_Set_Value
    control.o(i.Control_DutyCycle_Handler) refers to control.o(.data) for .data
    control.o(i.Control_HBLED) refers to aeabi_sdivfast.o(.text) for __aeabi_idivmod
    control.o(i.Control_HBLED) refers to fflti.o(.text) for __aeabi_i2f
    control.o(i.Control_HBLED) refers to fmul.o(x$fpl$fmul) for __aeabi_fmul
    control.o(i.Control_HBLED) refers to faddsub.o(x$fpl$fadd) for __aeabi_fadd
    control.o(i.Control_HBLED) refers to frlef.o(x$fpl$frleqf) for __aeabi_cfrcmple
    control.o(i.Control_HBLED) refers to faddsub.o(x$fpl$fsub) for __aeabi_fsub
    control.o(i.Control_HBLED) refers to ffixi.o(.text) for __aeabi_f2iz
    control.o(i.Control_HBLED) refers to fx.o(i.Multiply_FX) for Multiply_FX
    control.o(i.Control_HBLED) refers to fx.o(i.Add_FX) for Add_FX
    control.o(i.Control_HBLED) refers to fx.o(i.Subtract_FX) for Subtract_FX
    control.o(i.Control_HBLED) refers to timers.o(i.PWM_Set_Value) for PWM_Set_Value
    control.o(i.Control_HBLED) refers to control.o(.data) for .data
    control.o(i.Control_HBLED) refers to control.o(.bss) for .bss
    control.o(i.Control_HBLED) refers to ui.o(.data) for g_holdoff
    control.o(i.Control_HBLED) refers to main.o(.data) for control_mode
    control.o(i.Init_Buck_HBLED) refers to timers.o(i.PWM_Init) for PWM_Init
    control.o(i.Init_Buck_HBLED) refers to control.o(.data) for .data
    control.o(i.Old_Update_Set_Current) refers to fflti.o(.text) for __aeabi_ui2f
    control.o(i.Old_Update_Set_Current) refers to fmul.o(x$fpl$fmul) for __aeabi_fmul
    control.o(i.Old_Update_Set_Current) refers to ffixui.o(.text) for __aeabi_f2uiz
    control.o(i.Old_Update_Set_Current) refers to control.o(.data) for .data
    control.o(i.Set_DAC_mA) refers to fflti.o(.text) for __aeabi_ui2f
    control.o(i.Set_DAC_mA) refers to fmul.o(x$fpl$fmul) for __aeabi_fmul
    control.o(i.Set_DAC_mA) refers to ffixui.o(.text) for __aeabi_f2uiz
    control.o(i.Set_DAC_mA) refers to control.o(.data) for .data
    control.o(i.UpdatePID) refers to fmul.o(x$fpl$fmul) for __aeabi_fmul
    control.o(i.UpdatePID) refers to faddsub.o(x$fpl$fadd) for __aeabi_fadd
    control.o(i.UpdatePID) refers to frlef.o(x$fpl$frleqf) for __aeabi_cfrcmple
    control.o(i.UpdatePID) refers to faddsub.o(x$fpl$fsub) for __aeabi_fsub
    control.o(i.UpdatePID_FX) refers to fx.o(i.Multiply_FX) for Multiply_FX
    control.o(i.UpdatePID_FX) refers to fx.o(i.Add_FX) for Add_FX
    control.o(i.UpdatePID_FX) refers to fx.o(i.Subtract_FX) for Subtract_FX
    control.o(i.Update_Set_Current) refers to fflti.o(.text) for __aeabi_ui2f
    control.o(i.Update_Set_Current) refers to fmul.o(x$fpl$fmul) for __aeabi_fmul
    control.o(i.Update_Set_Current) refers to ffixui.o(.text) for __aeabi_f2uiz
    control.o(i.Update_Set_Current) refers to control.o(.data) for .data
    dma.o(i.Configure_DMA_For_Playback) refers to dma.o(.data) for .data
    dma.o(i.DMA0_IRQHandler) refers to rtx_thread.o(.text.osThreadFlagsSet) for osThreadFlagsSet
    dma.o(i.DMA0_IRQHandler) refers to leds.o(i.Control_RGB_LEDs) for Control_RGB_LEDs
    dma.o(i.DMA0_IRQHandler) refers to timers.o(i.TPM0_Start) for TPM0_Start
    dma.o(i.DMA0_IRQHandler) refers to dma.o(.data) for .data
    dma.o(i.DMA0_IRQHandler) refers to threads.o(.data) for t_Refill_Sound_Buffer
    dma.o(i.Start_DMA_Playback) refers to timers.o(i.TPM0_Start) for TPM0_Start
    dma.o(i.Start_DMA_Playback) refers to dma.o(.data) for .data
    fx.o(i.Multiply_FX) refers to llmul.o(.text) for __aeabi_lmul
    main.o(i.main) refers to debug.o(i.Init_Debug_Signals) for Init_Debug_Signals
    main.o(i.main) refers to leds.o(i.Init_RGB_LEDs) for Init_RGB_LEDs
    main.o(i.main) refers to leds.o(i.Control_RGB_LEDs) for Control_RGB_LEDs
    main.o(i.main) refers to sound.o(i.Sound_Disable_Amp) for Sound_Disable_Amp
    main.o(i.main) refers to st7789.o(i.LCD_Init) for LCD_Init
    main.o(i.main) refers to lcd_text.o(i.LCD_Text_Init) for LCD_Text_Init
    main.o(i.main) refers to lcd_text.o(i.LCD_Erase) for LCD_Erase
    main.o(i.main) refers to lcd_text.o(i.LCD_Text_PrintStr_RC) for LCD_Text_PrintStr_RC
    main.o(i.main) refers to delay.o(i.Delay) for Delay
    main.o(i.main) refers to control.o(i.Init_Buck_HBLED) for Init_Buck_HBLED
    main.o(i.main) refers to rtx_kernel.o(.text.osKernelInitialize) for osKernelInitialize
    main.o(i.main) refers to fault.o(i.Fault_Init) for Fault_Init
    main.o(i.main) refers to threads.o(i.Create_OS_Objects) for Create_OS_Objects
    main.o(i.main) refers to rtx_kernel.o(.text.osKernelStart) for osKernelStart
    sound.o(i.Init_Voices) refers to sound.o(.bss) for .bss
    sound.o(i.Init_Waveform) refers to sound.o(.bss) for .bss
[...]
    i._mutex_initialize                      0x00004712   Section        0  rtx_lib.o(i._mutex_initialize)
    __tagsym$$used                           0x00004713   Number         0  rtx_lib.o(i._mutex_initialize)
    i._mutex_release                         0x00004734   Section        0  rtx_lib.o(i._mutex_release)
    __tagsym$$used                           0x00004735   Number         0  rtx_lib.o(i._mutex_release)
    i._platform_post_stackheap_init          0x00004760   Section        0  rtx_lib.o(i._platform_post_stackheap_init)
    i.main                                   0x00004768   Section        0  main.o(i.main)
    i.osRtxErrorNotify                       0x000047cc   Section        0  rtx_config.o(i.osRtxErrorNotify)
    i.osRtxIdleThread                        0x000047d0   Section        0  rtx_config.o(i.osRtxIdleThread)
    i.request_conversion                     0x000047e0   Section        0  adc.o(i.request_conversion)
    x$fpl$fadd                               0x00004830   Section      140  faddsub.o(x$fpl$fadd)
    _fadd1                                   0x0000483d   Thumb Code     0  faddsub.o(x$fpl$fadd)
    x$fpl$fmul                               0x000048bc   Section      176  fmul.o(x$fpl$fmul)
    x$fpl$frleqf                             0x0000496c   Section       88  frlef.o(x$fpl$frleqf)
    x$fpl$fsub                               0x000049c4   Section      208  faddsub.o(x$fpl$fsub)
    _fsub1                                   0x000049d1   Thumb Code     0  faddsub.o(x$fpl$fsub)
    .constdata                               0x00004a94   Section      124  threads.o(.constdata)
    x$fpl$usenofp                            0x00004a94   Section        0  usenofp.o(x$fpl$usenofp)
    .constdata                               0x00004b10   Section       36  fault.o(.constdata)
    .constdata                               0x00004b34   Section     3831  lucida_12x19.o(.constdata)
    .constdata                               0x00005a2b   Section      142  st7789.o(.constdata)
    .constdata                               0x00005abc   Section       32  region.o(.constdata)
    .constdata                               0x00005adc   Section        4  region.o(.constdata)
    .constdata                               0x00005ae0   Section       36  rtx_lib.o(.constdata)
    os_idle_thread_attr                      0x00005ae0   Data          36  rtx_lib.o(.constdata)
    .constdata                               0x00005b04   Section       36  rtx_lib.o(.constdata)
    os_timer_thread_attr                     0x00005b04   Data          36  rtx_lib.o(.constdata)
    .constdata                               0x00005b28   Section       24  rtx_lib.o(.constdata)
    os_timer_mq_attr                         0x00005b28   Data          24  rtx_lib.o(.constdata)
    .constdata                               0x00005b40   Section        4  rtx_lib.o(.constdata)
    .constdata                               0x00005b44   Section       17  __printf_flags_wp.o(.constdata)
    maptable                                 0x00005b44   Data          17  __printf_flags_wp.o(.constdata)
    .conststring                             0x00005b58   Section       10  threads.o(.conststring)
    .rodata                                  0x00005b64   Section      160  rtx_lib.o(.rodata)
    __tagsym$$used                           0x00005b64   Number         0  rtx_lib.o(.rodata)
    __tagsym$$used                           0x00005bcc   Number         0  rtx_lib.o(.rodata)
    [Anonymous Symbol]                       0x00005c04   Section        0  rtx_kernel.o(.rodata.str1.4)
    .L.str                                   0x00005c04   Data          11  rtx_kernel.o(.rodata.str1.4)
    .bss.os                                  0x1ffff000   Section     4096  rtx_lib.o(.bss.os)
    os_mem                                   0x1ffff000   Data        4096  rtx_lib.o(.bss.os)
    .bss.os                                  0x20000000   Section       64  rtx_lib.o(.bss.os)
    os_isr_queue                             0x20000000   Data          64  rtx_lib.o(.bss.os)
    .bss.os.msgqueue.cb                      0x20000040   Section       52  rtx_lib.o(.bss.os.msgqueue.cb)
    os_timer_mq_cb                           0x20000040   Data          52  rtx_lib.o(.bss.os.msgqueue.cb)
    .bss.os.msgqueue.mem                     0x20000074   Section       80  rtx_lib.o(.bss.os.msgqueue.mem)
    os_timer_mq_data                         0x20000074   Data          80  rtx_lib.o(.bss.os.msgqueue.mem)
    .bss.os.thread.cb                        0x200000c4   Section       68  rtx_lib.o(.bss.os.thread.cb)
    os_idle_thread_cb                        0x200000c4   Data          68  rtx_lib.o(.bss.os.thread.cb)
    .bss.os.thread.cb                        0x20000108   Section       68  rtx_lib.o(.bss.os.thread.cb)
    os_timer_thread_cb                       0x20000108   Data          68  rtx_lib.o(.bss.os.thread.cb)
    .bss.os.thread.stack                     0x20000150   Section      256  rtx_lib.o(.bss.os.thread.stack)
    os_idle_thread_stack                     0x20000150   Data         256  rtx_lib.o(.bss.os.thread.stack)
    .bss.os.thread.stack                     0x20000250   Section      256  rtx_lib.o(.bss.os.thread.stack)
    os_timer_thread_stack                    0x20000250   Data         256  rtx_lib.o(.bss.os.thread.stack)
    .data                                    0x20000350   Section      116  control.o(.data)
    prev_set_current_sample                  0x20000354   Data           2  control.o(.data)
    curr_sample                              0x2000037c   Data           4  control.o(.data)
    delay                                    0x20000380   Data           4  control.o(.data)
    t                                        0x20000384   Data           4  control.o(.data)
    .data                                    0x200003c4   Section       20  dma.o(.data)
    .data                                    0x200003d8   Section        1  main.o(.data)
    .data                                    0x200003dc   Section       16  threads.o(.data)
    .data                                    0x200003ec   Section        4  threads.o(.data)
    .data                                    0x200003f0   Section        8  timers.o(.data)
    control_divider                          0x200003f4   Data           4  timers.o(.data)
    .data                                    0x200003f8   Section      736  ui.o(.data)
    initialized                              0x20000404   Data           4  ui.o(.data)
    .data                                    0x200006d8   Section       40  adc.o(.data)
    modeHBLED                                0x200006d8   Data           1  adc.o(.data)
    t1                                       0x200006da   Data           2  adc.o(.data)
    t2                                       0x200006dc   Data           2  adc.o(.data)
    res                                      0x200006de   Data           4  adc.o(.data)
    qstat                                    0x200006e4   Data           4  adc.o(.data)
    req                                      0x200006f0   Data           8  adc.o(.data)
    req                                      0x200006f8   Data           8  adc.o(.data)
    .data                                    0x20000700   Section       15  fault.o(.data)
    .data                                    0x20000710   Section       20  lcd_text.o(.data)
    .data                                    0x20000724   Section       40  touchscreen.o(.data)
    xl                                       0x20000726   Data           2  touchscreen.o(.data)
    yu                                       0x20000728   Data           2  touchscreen.o(.data)
    .data                                    0x2000074c   Section        3  colors.o(.data)
    .data                                    0x2000074f   Section        3  colors.o(.data)
    .data                                    0x20000752   Section        3  colors.o(.data)
    .data                                    0x20000755   Section        3  colors.o(.data)
    .data                                    0x20000758   Section        3  colors.o(.data)
    .data                                    0x2000075b   Section        3  colors.o(.data)
    .data                                    0x2000075e   Section        3  colors.o(.data)
    .data                                    0x20000761   Section        3  colors.o(.data)
    .data                                    0x20000764   Section        3  colors.o(.data)
    .data                                    0x20000767   Section        3  colors.o(.data)
    .data                                    0x2000076c   Section        4  profile.o(.data)
    .data                                    0x20000770   Section        4  profile.o(.data)
    .data                                    0x20000774   Section        4  profile.o(.data)
    .data                                    0x20000778   Section        1  profile.o(.data)
    .data                                    0x2000077c   Section        4  region.o(.data)
    .data                                    0x20000780   Section        1  rtx_lib.o(.data)
    os_kernel_active                         0x20000780   Data           1  rtx_lib.o(.data)
    .data                                    0x20000784   Section        4  system_mkl25z4.o(.data)
    .bss                                     0x20000900   Section     3968  control.o(.bss)
    .bss                                     0x20001880   Section       96  libspace.o(.bss)
    [Anonymous Symbol]                       0x200018e0   Section        0  os_systick.o(.bss.PendST)
    PendST                                   0x200018e0   Data           1  os_systick.o(.bss.PendST)
    HEAP                                     0x200018e8   Section        0  startup_mkl25z4.o(HEAP)
    STACK                                    0x200018e8   Section      768  startup_mkl25z4.o(STACK)
    Heap_Mem                                 0x200018e8   Data           0  startup_mkl25z4.o(HEAP)
    Stack_Mem                                0x200018e8   Data         768  startup_mkl25z4.o(STACK)
    __initial_sp                             0x20001be8   Data           0  startup_mkl25z4.o(STACK)

    Global Symbols

    Symbol Name                              Value     Ov Type        Size  Object(Section)

    BuildAttributes$$THM_ISAv3M$S$PE$A:L22$X:L11$S22$IEEE1$IW$~IW$USESV6$~STKCKD$USESV7$~SHL$OTIME$ROPI$IEEEX$EBA8$UX$STANDARDLIB$REQ8$PRES8$EABIv2 0x00000000   Number         0  anon$$obj.o ABSOLUTE
    __ARM_use_no_argv                        0x00000000   Number         0  main.o ABSOLUTE
    __Vectors                                0x00000000   Data           4  startup_mkl25z4.o(RESET)
    _printf_flags                            0x00000000   Number         0  printf_stubs.o ABSOLUTE
    _printf_return_value                     0x00000000   Number         0  printf_stubs.o ABSOLUTE
    _printf_sizespec                         0x00000000   Number         0  printf_stubs.o ABSOLUTE
    _printf_widthprec                        0x00000000   Number         0  printf_stubs.o ABSOLUTE
    .bss.os.evflags.cb$$Base                  - Undefined Weak Reference
    .bss.os.evflags.cb$$Limit                 - Undefined Weak Reference
    .bss.os.mempool.cb$$Base                  - Undefined Weak Reference
    .bss.os.mempool.cb$$Limit                 - Undefined Weak Reference
    .bss.os.mutex.cb$$Base                    - Undefined Weak Reference
    .bss.os.mutex.cb$$Limit                   - Undefined Weak Reference
    .bss.os.semaphore.cb$$Base                - Undefined Weak Reference
    .bss.os.semaphore.cb$$Limit               - Undefined Weak Reference
    .bss.os.timer.cb$$Base                    - Undefined Weak Reference
    .bss.os.timer.cb$$Limit                   - Undefined Weak Reference
    __ARM_exceptions_init                     - Undefined Weak Reference
    __alloca_initialize                       - Undefined Weak Reference
    __arm_preinit_                            - Undefined Weak Reference
    __cpp_initialize__aeabi_                  - Undefined Weak Reference
    __cxa_finalize                            - Undefined Weak Reference
    __rt_locale                               - Undefined Weak Reference
    __sigvec_lookup                           - Undefined Weak Reference
    _atexit_init                              - Undefined Weak Reference
    _call_atexit_fns                          - Undefined Weak Reference
    _clock_init                               - Undefined Weak Reference
    _fp_trap_init                             - Undefined Weak Reference
    _fp_trap_shutdown                         - Undefined Weak Reference
    _get_lc_collate                           - Undefined Weak Reference
    _get_lc_ctype                             - Undefined Weak Reference
    _get_lc_monetary                          - Undefined Weak Reference
    _get_lc_numeric                           - Undefined Weak Reference
    _get_lc_time                              - Undefined Weak Reference
    _getenv_init                              - Undefined Weak Reference
    _handle_redirection                       - Undefined Weak Reference
    _init_alloc                               - Undefined Weak Reference
    _init_user_alloc                          - Undefined Weak Reference
    _initio                                   - Undefined Weak Reference
    _printf_mbtowc                            - Undefined Weak Reference
    _printf_truncate_signed                   - Undefined Weak Reference
    _printf_truncate_unsigned                 - Undefined Weak Reference
    _rand_init                                - Undefined Weak Reference
    _signal_finish                            - Undefined Weak Reference
    _signal_init                              - Undefined Weak Reference
    _terminate_alloc                          - Undefined Weak Reference
    _terminate_user_alloc                     - Undefined Weak Reference
    _terminateio                              - Undefined Weak Reference
    __Vectors_End                            0x000000c0   Data           0  startup_mkl25z4.o(RESET)
    __Vectors_Size                           0x000000c0   Number         0  startup_mkl25z4.o ABSOLUTE
    __main                                   0x000000c1   Thumb Code     8  __main.o(!!!main)
    __scatterload                            0x000000c9   Thumb Code     0  __scatter.o(!!!scatter)
    __scatterload_rt2                        0x000000c9   Thumb Code    52  __scatter.o(!!!scatter)
    __scatterload_rt2_thumb_only             0x000000c9   Thumb Code     0  __scatter.o(!!!scatter)
    __scatterload_null                       0x000000d9   Thumb Code     0  __scatter.o(!!!scatter)
    __scatterload_zeroinit                   0x00000105   Thumb Code    28  __scatter_zi.o(!!handler_zi)
    _printf_percent                          0x00000121   Thumb Code     0  _printf_percent.o(.ARM.Collect$$_printf_percent$$00000000)
    _printf_d                                0x00000123   Thumb Code     0  _printf_d.o(.ARM.Collect$$_printf_percent$$00000009)
    _printf_s                                0x0000012d   Thumb Code     0  _printf_s.o(.ARM.Collect$$_printf_percent$$00000014)
    _printf_percent_end                      0x00000137   Thumb Code     0  _printf_percent_end.o(.ARM.Collect$$_printf_percent$$00000017)
    __rt_lib_init                            0x0000013b   Thumb Code     0  libinit.o(.ARM.Collect$$libinit$$00000000)
    __rt_lib_init_alloca_1                   0x0000013d   Thumb Code     0  libinit2.o(.ARM.Collect$$libinit$$0000002E)
    __rt_lib_init_argv_1                     0x0000013d   Thumb Code     0  libinit2.o(.ARM.Collect$$libinit$$0000002C)
    __rt_lib_init_atexit_1                   0x0000013d   Thumb Code     0  libinit2.o(.ARM.Collect$$libinit$$0000001B)
    __rt_lib_init_clock_1                    0x0000013d   Thumb Code     0  libinit2.o(.ARM.Collect$$libinit$$00000021)
    __rt_lib_init_cpp_1                      0x0000013d   Thumb Code     0  libinit2.o(.ARM.Collect$$libinit$$00000032)
    __rt_lib_init_exceptions_1               0x0000013d   Thumb Code     0  libinit2.o(.ARM.Collect$$libinit$$00000030)
    __rt_lib_init_fp_1                       0x0000013d   Thumb Code     0  libinit2.o(.ARM.Collect$$libinit$$00000002)
    __rt_lib_init_fp_trap_1                  0x0000013d   Thumb Code     0  libinit2.o(.ARM.Collect$$libinit$$0000001F)
    __rt_lib_init_getenv_1                   0x0000013d   Thumb Code     0  libinit2.o(.ARM.Collect$$libinit$$00000023)
    __rt_lib_init_heap_1                     0x0000013d   Thumb Code     0  libinit2.o(.ARM.Collect$$libinit$$0000000A)
    __rt_lib_init_lc_collate_1               0x0000013d   Thumb Code     0  libinit2.o(.ARM.Collect$$libinit$$00000011)
    __rt_lib_init_lc_ctype_1                 0x0000013d   Thumb Code     0  libinit2.o(.ARM.Collect$$libinit$$00000013)
    __rt_lib_init_lc_monetary_1              0x0000013d   Thumb Code     0  libinit2.o(.ARM.Collect$$libinit$$00000015)
    __rt_lib_init_lc_numeric_1               0x0000013d   Thumb Code     0  libinit2.o(.ARM.Collect$$libinit$$00000017)
    __rt_lib_init_lc_time_1                  0x0000013d   Thumb Code     0  libinit2.o(.ARM.Collect$$libinit$$00000019)
    __rt_lib_init_preinit_1                  0x0000013d   Thumb Code     0  libinit2.o(.ARM.Collect$$libinit$$00000004)
    __rt_lib_init_rand_1                     0x0000013d   Thumb Code     0  libinit2.o(.ARM.Collect$$libinit$$0000000E)
    __rt_lib_init_return                     0x0000013d   Thumb Code     0  libinit2.o(.ARM.Collect$$libinit$$00000033)
    __rt_lib_init_signal_1                   0x0000013d   Thumb Code     0  libinit2.o(.ARM.Collect$$libinit$$0000001D)
    __rt_lib_init_stdio_1                    0x0000013d   Thumb Code     0  libinit2.o(.ARM.Collect$$libinit$$00000025)
    __rt_lib_init_user_alloc_1               0x0000013d   Thumb Code     0  libinit2.o(.ARM.Collect$$libinit$$0000000C)
    __rt_lib_shutdown                        0x0000013f   Thumb Code     0  libshutdown.o(.ARM.Collect$$libshutdown$$00000000)
    __rt_lib_shutdown_cpp_1                  0x00000141   Thumb Code     0  libshutdown2.o(.ARM.Collect$$libshutdown$$00000002)
    __rt_lib_shutdown_fp_trap_1              0x00000141   Thumb Code     0  libshutdown2.o(.ARM.Collect$$libshutdown$$00000007)
    __rt_lib_shutdown_heap_1                 0x00000141   Thumb Code     0  libshutdown2.o(.ARM.Collect$$libshutdown$$0000000F)
    __rt_lib_shutdown_return                 0x00000141   Thumb Code     0  libshutdown2.o(.ARM.Collect$$libshutdown$$00000010)
    __rt_lib_shutdown_signal_1               0x00000141   Thumb Code     0  libshutdown2.o(.ARM.Collect$$libshutdown$$0000000A)
    __rt_lib_shutdown_stdio_1                0x00000141   Thumb Code     0  libshutdown2.o(.ARM.Collect$$libshutdown$$00000004)
    __rt_lib_shutdown_user_alloc_1           0x00000141   Thumb Code     0  libshutdown2.o(.ARM.Collect$$libshutdown$$0000000C)
    __rt_entry                               0x00000143   Thumb Code     0  __rtentry.o(.ARM.Collect$$rtentry$$00000000)
    __rt_entry_presh_1                       0x00000143   Thumb Code     0  __rtentry2.o(.ARM.Collect$$rtentry$$00000002)
    __rt_entry_sh                            0x00000143   Thumb Code     0  __rtentry4.o(.ARM.Collect$$rtentry$$00000004)
    __rt_entry_postsh_1                      0x00000149   Thumb Code     0  __rtentry2.o(.ARM.Collect$$rtentry$$00000008)
    __rt_entry_li                            0x00000151   Thumb Code     0  __rtentry2.o(.ARM.Collect$$rtentry$$0000000A)
    __rt_entry_main                          0x00000155   Thumb Code     0  __rtentry2.o(.ARM.Collect$$rtentry$$0000000D)
    __rt_entry_postli_1                      0x00000155   Thumb Code     0  __rtentry2.o(.ARM.Collect$$rtentry$$0000000C)
    __rt_exit                                0x0000015d   Thumb Code     0  rtexit.o(.ARM.Collect$$rtexit$$00000000)
    __rt_exit_ls                             0x0000015f   Thumb Code     0  rtexit2.o(.ARM.Collect$$rtexit$$00000003)
    __rt_exit_prels_1                        0x0000015f   Thumb Code     0  rtexit2.o(.ARM.Collect$$rtexit$$00000002)
    __rt_exit_exit                           0x00000163   Thumb Code     0  rtexit2.o(.ARM.Collect$$rtexit$$00000004)
    __aeabi_memcpy4                          0x00000169   Thumb Code    56  rt_memcpy.o(.emb_text)
    __aeabi_memcpy8                          0x00000169   Thumb Code     0  rt_memcpy.o(.emb_text)
    Reset_Handler                            0x000001a1   Thumb Code    12  startup_mkl25z4.o(.text)
    NMI_Handler                              0x000001ad   Thumb Code     2  startup_mkl25z4.o(.text)
    HardFault_Handler                        0x000001af   Thumb Code     2  startup_mkl25z4.o(.text)
    CMP0_IRQHandler                          0x000001b7   Thumb Code     0  startup_mkl25z4.o(.text)
    DAC0_IRQHandler                          0x000001b7   Thumb Code     0  startup_mkl25z4.o(.text)
    DMA1_IRQHandler                          0x000001b7   Thumb Code     0  startup_mkl25z4.o(.text)
    DMA2_IRQHandler                          0x000001b7   Thumb Code     0  startup_mkl25z4.o(.text)
    DMA3_IRQHandler                          0x000001b7   Thumb Code     0  startup_mkl25z4.o(.text)
    DefaultISR                               0x000001b7   Thumb Code     0  startup_mkl25z4.o(.text)
    FTFA_IRQHandler                          0x000001b7   Thumb Code     0  startup_mkl25z4.o(.text)
    I2C0_IRQHandler                          0x000001b7   Thumb Code     0  startup_mkl25z4.o(.text)
    I2C1_IRQHandler                          0x000001b7   Thumb Code     0  startup_mkl25z4.o(.text)
    LLWU_IRQHandler                          0x000001b7   Thumb Code     0  startup_mkl25z4.o(.text)
    LPTMR0_IRQHandler                        0x000001b7   Thumb Code     0  startup_mkl25z4.o(.text)
    LVD_LVW_IRQHandler                       0x000001b7   Thumb Code     0  startup_mkl25z4.o(.text)
    MCG_IRQHandler                           0x000001b7   Thumb Code     0  startup_mkl25z4.o(.text)
    PORTA_IRQHandler                         0x000001b7   Thumb Code     0  startup_mkl25z4.o(.text)
    PORTD_IRQHandler                         0x000001b7   Thumb Code     0  startup_mkl25z4.o(.text)
    RTC_IRQHandler                           0x000001b7   Thumb Code     0  startup_mkl25z4.o(.text)
    RTC_Seconds_IRQHandler                   0x000001b7   Thumb Code     0  startup_mkl25z4.o(.text)
    Reserved20_IRQHandler                    0x000001b7   Thumb Code     0  startup_mkl25z4.o(.text)
    Reserved39_IRQHandler                    0x000001b7   Thumb Code     0  startup_mkl25z4.o(.text)
    Reserved45_IRQHandler                    0x000001b7   Thumb Code     0  startup_mkl25z4.o(.text)
    SPI0_IRQHandler                          0x000001b7   Thumb Code     0  startup_mkl25z4.o(.text)
    SPI1_IRQHandler                          0x000001b7   Thumb Code     0  startup_mkl25z4.o(.text)
    TPM1_IRQHandler                          0x000001b7   Thumb Code     0  startup_mkl25z4.o(.text)
    TPM2_IRQHandler                          0x000001b7   Thumb Code     0  startup_mkl25z4.o(.text)
    TSI0_IRQHandler                          0x000001b7   Thumb Code     0  startup_mkl25z4.o(.text)
    UART0_IRQHandler                         0x000001b7   Thumb Code     0  startup_mkl25z4.o(.text)
    UART1_IRQHandler                         0x000001b7   Thumb Code     0  startup_mkl25z4.o(.text)
    UART2_IRQHandler                         0x000001b7   Thumb Code     0  startup_mkl25z4.o(.text)
    USB0_IRQHandler                          0x000001b7   Thumb Code     0  startup_mkl25z4.o(.text)
    __user_initial_stackheap                 0x000001bd   Thumb Code     0  startup_mkl25z4.o(.text)
    SVC_Handler                              0x000001e1   Thumb Code   132  irq_cm0.o(.text)
    PendSV_Handler                           0x00000265   Thumb Code    12  irq_cm0.o(.text)
    SysTick_Handler                          0x00000271   Thumb Code    12  irq_cm0.o(.text)
    __aeabi_lmul                             0x00000285   Thumb Code    48  llmul.o(.text)
    _ll_mul                                  0x00000285   Thumb Code     0  llmul.o(.text)
    __2sprintf                               0x000002b5   Thumb Code    36  noretval__2sprintf.o(.text)
    __2snprintf                              0x000002dd   Thumb Code    50  noretval__2snprintf.o(.text)
    _printf_pre_padding                      0x00000315   Thumb Code    44  _printf_pad.o(.text)
    _printf_post_padding                     0x00000341   Thumb Code    34  _printf_pad.o(.text)
    _printf_str                              0x00000363   Thumb Code    82  _printf_str.o(.text)
    strlen                                   0x000003b5   Thumb Code    62  strlen.o(.text)
    __use_two_region_memory                  0x000003f9   Thumb Code     2  heapauxi.o(.text)
    __rt_heap_escrow$2region                 0x000003fb   Thumb Code     2  heapauxi.o(.text)
    __rt_heap_expand$2region                 0x000003fd   Thumb Code     2  heapauxi.o(.text)
    __I$use$semihosting                      0x000003ff   Thumb Code     0  use_no_semi.o(.text)
    __use_no_semihosting_swi                 0x000003ff   Thumb Code     2  use_no_semi.o(.text)
    _printf_int_dec                          0x00000411   Thumb Code    90  _printf_dec.o(.text)
    __printf                                 0x0000047d   Thumb Code   306  __printf_flags_wp.o(.text)
    __aeabi_memcpy                           0x000005b5   Thumb Code   130  rt_memcpy.o(.text)
    __rt_memcpy                              0x000005b5   Thumb Code     0  rt_memcpy.o(.text)
    _memset_w                                0x00000637   Thumb Code    26  rt_memclr.o(.text)
    _memset                                  0x00000651   Thumb Code    30  rt_memclr.o(.text)
    __aeabi_memclr                           0x0000066f   Thumb Code     4  rt_memclr.o(.text)
    __rt_memclr                              0x0000066f   Thumb Code     0  rt_memclr.o(.text)
    __aeabi_memclr4                          0x00000673   Thumb Code     0  rt_memclr.o(.text)
    __aeabi_memclr8                          0x00000673   Thumb Code     0  rt_memclr.o(.text)
    __rt_memclr_w                            0x00000673   Thumb Code     4  rt_memclr.o(.text)
    __aeabi_uidiv                            0x00000677   Thumb Code     0  aeabi_sdivfast.o(.text)
    __aeabi_uidivmod                         0x00000677   Thumb Code    28  aeabi_sdivfast.o(.text)
    __aeabi_idiv                             0x00000693   Thumb Code     0  aeabi_sdivfast.o(.text)
    __aeabi_idivmod                          0x00000693   Thumb Code   460  aeabi_sdivfast.o(.text)
    __aeabi_d2iz                             0x00000861   Thumb Code     0  dfixi.o(.text)
    _dfix                                    0x00000861   Thumb Code    98  dfixi.o(.text)
    __aeabi_i2d_normalise                    0x000008cd   Thumb Code    66  dflti.o(.text)
    __aeabi_i2d                              0x0000090f   Thumb Code    16  dflti.o(.text)
    _dflt                                    0x0000090f   Thumb Code     0  dflti.o(.text)
    __aeabi_ui2d                             0x0000091f   Thumb Code     6  dflti.o(.text)
    _dfltu                                   0x0000091f   Thumb Code     0  dflti.o(.text)
    __aeabi_dmul                             0x00000925   Thumb Code     0  dmul.o(.text)
    _dmul                                    0x00000925   Thumb Code   558  dmul.o(.text)
    __aeabi_f2iz                             0x00000b6d   Thumb Code     0  ffixi.o(.text)
    _ffix                                    0x00000b6d   Thumb Code    76  ffixi.o(.text)
    __aeabi_f2uiz                            0x00000bb9   Thumb Code     0  ffixui.o(.text)
    _ffixu                                   0x00000bb9   Thumb Code    48  ffixui.o(.text)
    __aeabi_i2f_normalise                    0x00000be9   Thumb Code    72  fflti.o(.text)
    __aeabi_i2f                              0x00000c31   Thumb Code    16  fflti.o(.text)
    _fflt                                    0x00000c31   Thumb Code     0  fflti.o(.text)
    __aeabi_ui2f                             0x00000c41   Thumb Code     6  fflti.o(.text)
    _ffltu                                   0x00000c41   Thumb Code     0  fflti.o(.text)
    _printf_int_common                       0x00000c47   Thumb Code   176  _printf_intcommon.o(.text)
    _printf_char_common                      0x00000d03   Thumb Code    32  _printf_char_common.o(.text)
    _sputc                                   0x00000d29   Thumb Code    10  _sputc.o(.text)
    _snputc                                  0x00000d33   Thumb Code    16  _snputc.o(.text)
    _printf_cs_common                        0x00000d43   Thumb Code    22  _printf_char.o(.text)
    _printf_char                             0x00000d59   Thumb Code    16  _printf_char.o(.text)
    _printf_string                           0x00000d69   Thumb Code     8  _printf_char.o(.text)
    __rt_udiv10                              0x00000d71   Thumb Code    40  rtudiv10.o(.text)
    __fpl_fcmp_InfNaN                        0x00000d99   Thumb Code    96  fcmpin.o(.text)
    __fpl_cmpreturn                          0x00000dfd   Thumb Code    46  cmpret.o(.text)
    __fpl_fcheck_NaN2                        0x00000e2d   Thumb Code    10  fnan2.o(.text)
    __user_libspace                          0x00000e3d   Thumb Code     8  libspace.o(.text)
    __user_perproc_libspace                  0x00000e3d   Thumb Code     0  libspace.o(.text)
    __user_setup_stackheap                   0x00000e45   Thumb Code    62  sys_stackheap_outer.o(.text)
    exit                                     0x00000e83   Thumb Code    16  exit.o(.text)
    __fpl_return_NaN                         0x00000e93   Thumb Code    94  retnan.o(.text)
    _sys_exit                                0x00000ef1   Thumb Code     8  sys_exit.o(.text)
    __decompress                             0x00000efd   Thumb Code     0  __dczerorl2.o(.text)
    __decompress1                            0x00000efd   Thumb Code    86  __dczerorl2.o(.text)
    __semihosting_library_function           0x00000efd   Thumb Code     0  indicate_semi.o(.text)
    OS_Tick_AcknowledgeIRQ                   0x0000101d   Thumb Code    12  os_systick.o(.text.OS_Tick_AcknowledgeIRQ)
    OS_Tick_Enable                           0x00001029   Thumb Code    44  os_systick.o(.text.OS_Tick_Enable)
    OS_Tick_GetIRQn                          0x00001055   Thumb Code     6  os_systick.o(.text.OS_Tick_GetIRQn)
    OS_Tick_Setup                            0x0000105d   Thumb Code    76  os_systick.o(.text.OS_Tick_Setup)
    osDelay                                  0x00001151   Thumb Code    40  rtx_delay.o(.text.osDelay)
    osKernelGetState                         0x00001179   Thumb Code    48  rtx_kernel.o(.text.osKernelGetState)
    osKernelInitialize                       0x000011a9   Thumb Code    40  rtx_kernel.o(.text.osKernelInitialize)
    osKernelLock                             0x000011d1   Thumb Code    36  rtx_kernel.o(.text.osKernelLock)
    osKernelStart                            0x000011f5   Thumb Code    36  rtx_kernel.o(.text.osKernelStart)
    osMessageQueueGet                        0x00001219   Thumb Code   116  rtx_msgqueue.o(.text.osMessageQueueGet)
    osMessageQueueNew                        0x0000128d   Thumb Code    36  rtx_msgqueue.o(.text.osMessageQueueNew)
    osMessageQueuePut                        0x000012b1   Thumb Code   116  rtx_msgqueue.o(.text.osMessageQueuePut)
    osMutexAcquire                           0x00001325   Thumb Code    40  rtx_mutex.o(.text.osMutexAcquire)
    osMutexDelete                            0x0000134d   Thumb Code    40  rtx_mutex.o(.text.osMutexDelete)
    osMutexNew                               0x00001375   Thumb Code    36  rtx_mutex.o(.text.osMutexNew)
    osMutexRelease                           0x00001399   Thumb Code    40  rtx_mutex.o(.text.osMutexRelease)
    osRtxKernelPreInit                       0x000013c1   Thumb Code     2  rtx_kernel.o(.text.osRtxKernelPreInit)
    osRtxMemoryAlloc                         0x000013c3   Thumb Code   122  rtx_memory.o(.text.osRtxMemoryAlloc)
    osRtxMemoryFree                          0x0000143d   Thumb Code    78  rtx_memory.o(.text.osRtxMemoryFree)
    osRtxMemoryInit                          0x0000148b   Thumb Code    48  rtx_memory.o(.text.osRtxMemoryInit)
    osRtxMemoryPoolAlloc                     0x000014bb   Thumb Code    46  rtx_mempool.o(.text.osRtxMemoryPoolAlloc)
    osRtxMemoryPoolFree                      0x000014e9   Thumb Code    58  rtx_mempool.o(.text.osRtxMemoryPoolFree)
    osRtxMemoryPoolInit                      0x00001523   Thumb Code    60  rtx_mempool.o(.text.osRtxMemoryPoolInit)
    osRtxMutexOwnerRelease                   0x0000161b   Thumb Code    68  rtx_mutex.o(.text.osRtxMutexOwnerRelease)
    osRtxMutexOwnerRestore                   0x0000165f   Thumb Code    64  rtx_mutex.o(.text.osRtxMutexOwnerRestore)
    osRtxPendSV_Handler                      0x000016a1   Thumb Code   132  rtx_system.o(.text.osRtxPendSV_Handler)
    osRtxPostProcess                         0x00001725   Thumb Code   112  rtx_system.o(.text.osRtxPostProcess)
    osRtxThreadDelayTick                     0x0000188d   Thumb Code    84  rtx_thread.o(.text.osRtxThreadDelayTick)
    osRtxThreadDispatch                      0x000018e1   Thumb Code    80  rtx_thread.o(.text.osRtxThreadDispatch)
    osRtxThreadListGet                       0x00001985   Thumb Code    20  rtx_thread.o(.text.osRtxThreadListGet)
    osRtxThreadListPut                       0x00001999   Thumb Code    44  rtx_thread.o(.text.osRtxThreadListPut)
    osRtxThreadListRemove                    0x000019c5   Thumb Code    24  rtx_thread.o(.text.osRtxThreadListRemove)
    osRtxThreadListSort                      0x000019e9   Thumb Code    36  rtx_thread.o(.text.osRtxThreadListSort)
    osRtxThreadReadyPut                      0x00001a35   Thumb Code    24  rtx_thread.o(.text.osRtxThreadReadyPut)
    osRtxThreadRegPtr                        0x00001a4d   Thumb Code     6  rtx_thread.o(.text.osRtxThreadRegPtr)
    osRtxThreadStackCheck                    0x00001a55   Thumb Code    44  rtx_thread.o(.text.osRtxThreadStackCheck)
    osRtxThreadStartup                       0x00001a81   Thumb Code    64  rtx_thread.o(.text.osRtxThreadStartup)
    osRtxThreadSwitch                        0x00001ac1   Thumb Code    20  rtx_thread.o(.text.osRtxThreadSwitch)
    osRtxThreadWaitEnter                     0x00001ad5   Thumb Code    60  rtx_thread.o(.text.osRtxThreadWaitEnter)
    osRtxThreadWaitExit                      0x00001b11   Thumb Code    34  rtx_thread.o(.text.osRtxThreadWaitExit)
    osRtxTick_Handler                        0x00001b35   Thumb Code   116  rtx_system.o(.text.osRtxTick_Handler)
    osRtxTimerThread                         0x00001ba9   Thumb Code    60  rtx_timer.o(.text.osRtxTimerThread)
    osThreadExit                             0x00001c45   Thumb Code    12  rtx_thread.o(.text.osThreadExit)
    osThreadFlagsSet                         0x00001c51   Thumb Code    88  rtx_thread.o(.text.osThreadFlagsSet)
    osThreadGetId                            0x00001ca9   Thumb Code    40  rtx_thread.o(.text.osThreadGetId)
    osThreadNew                              0x00001cd1   Thumb Code    36  rtx_thread.o(.text.osThreadNew)
    osThreadSetPriority                      0x00001cf5   Thumb Code    40  rtx_thread.o(.text.osThreadSetPriority)
    ADC0_IRQHandler                          0x00002859   Thumb Code   142  adc.o(i.ADC0_IRQHandler)
    Add_FX                                   0x00002901   Thumb Code     4  fx.o(i.Add_FX)
    Control_DutyCycle_Handler                0x00002905   Thumb Code    52  control.o(i.Control_DutyCycle_Handler)
    Control_HBLED                            0x00002941   Thumb Code   542  control.o(i.Control_HBLED)
    Control_IntNonNegative_Handler           0x00002b8d   Thumb Code    28  control.o(i.Control_IntNonNegative_Handler)
    Control_OnOff_Handler                    0x00002ba9   Thumb Code    20  control.o(i.Control_OnOff_Handler)
    Control_RGB_LEDs                         0x00002bbd   Thumb Code    52  leds.o(i.Control_RGB_LEDs)
    Create_OS_Objects                        0x00002bf9   Thumb Code    50  threads.o(i.Create_OS_Objects)
    DMA0_IRQHandler                          0x00002c4d   Thumb Code   102  dma.o(i.DMA0_IRQHandler)
    Delay                                    0x00002cd1   Thumb Code    20  delay.o(i.Delay)
    Fault_Init                               0x00002ce9   Thumb Code    18  fault.o(i.Fault_Init)
    Fault_Recursion_Test                     0x00002d09   Thumb Code     4  fault.o(i.Fault_Recursion_Test)
    Init_ADC                                 0x00002d0d   Thumb Code    90  adc.o(i.Init_ADC)
    Init_Buck_HBLED                          0x00002d81   Thumb Code   136  control.o(i.Init_Buck_HBLED)
    Init_Debug_Signals                       0x00002e31   Thumb Code   158  debug.o(i.Init_Debug_Signals)
    Init_RGB_LEDs                            0x00002ee9   Thumb Code    82  leds.o(i.Init_RGB_LEDs)
    LCD_Draw_Line                            0x00002f7d   Thumb Code   564  lcd_graphics.o(i.LCD_Draw_Line)
    LCD_Erase                                0x000031b1   Thumb Code    10  lcd_text.o(i.LCD_Erase)
    LCD_Fill_Buffer                          0x000031c1   Thumb Code   256  st7789.o(i.LCD_Fill_Buffer)
    LCD_Fill_Rectangle                       0x000032c5   Thumb Code   400  st7789.o(i.LCD_Fill_Rectangle)
    LCD_GPIO_Init                            0x0000345d   Thumb Code   294  st7789.o(i.LCD_GPIO_Init)
    LCD_Init                                 0x00003599   Thumb Code   186  st7789.o(i.LCD_Init)
    LCD_Plot_Pixel                           0x00003671   Thumb Code   258  st7789.o(i.LCD_Plot_Pixel)
    LCD_Start_Rectangle                      0x00003779   Thumb Code   316  st7789.o(i.LCD_Start_Rectangle)
    LCD_TS_Init                              0x000038b9   Thumb Code     8  touchscreen.o(i.LCD_TS_Init)
    LCD_TS_Read                              0x000038c1   Thumb Code   422  touchscreen.o(i.LCD_TS_Read)
    LCD_Text_Init                            0x00003a7d   Thumb Code    42  lcd_text.o(i.LCD_Text_Init)
    LCD_Text_PrintChar                       0x00003ab9   Thumb Code   412  lcd_text.o(i.LCD_Text_PrintChar)
    LCD_Text_PrintStr_RC                     0x00003c61   Thumb Code   102  lcd_text.o(i.LCD_Text_PrintStr_RC)
    LCD_Text_Set_Colors                      0x00003cd1   Thumb Code    30  lcd_text.o(i.LCD_Text_Set_Colors)
    LCD_Write_Rectangle_Pixel                0x00003cf9   Thumb Code    84  st7789.o(i.LCD_Write_Rectangle_Pixel)
    Multiply_FX                              0x00003d51   Thumb Code    22  fx.o(i.Multiply_FX)
    PIT_IRQHandler                           0x00003d69   Thumb Code   130  timers.o(i.PIT_IRQHandler)
    PWM_Init                                 0x00003e11   Thumb Code   156  timers.o(i.PWM_Init)
    PWM_Set_Value                            0x00003ec9   Thumb Code     8  timers.o(i.PWM_Set_Value)
    Sound_Disable_Amp                        0x00003ed1   Thumb Code    10  sound.o(i.Sound_Disable_Amp)
    Subtract_FX                              0x00003ee1   Thumb Code     4  fx.o(i.Subtract_FX)
    SystemInit                               0x00003ee5   Thumb Code   184  system_mkl25z4.o(i.SystemInit)
    TPM0_IRQHandler                          0x00003fcd   Thumb Code    44  timers.o(i.TPM0_IRQHandler)
    TPM0_Start                               0x00004009   Thumb Code    12  timers.o(i.TPM0_Start)
    Thread_Buck_Update_Setpoint              0x00004019   Thumb Code    12  threads.o(i.Thread_Buck_Update_Setpoint)
    Thread_Fault_Injector                    0x00004025   Thumb Code   308  fault.o(i.Thread_Fault_Injector)
    Thread_Read_TS                           0x000041ad   Thumb Code    26  threads.o(i.Thread_Read_TS)
    Thread_Update_Screen                     0x000041c9   Thumb Code    30  threads.o(i.Thread_Update_Screen)
    UI_Draw_Scope                            0x000041ed   Thumb Code   268  ui.o(i.UI_Draw_Scope)
    UI_Draw_Screen                           0x00004329   Thumb Code   272  ui.o(i.UI_Draw_Screen)
    UI_Identify_Field                        0x00004459   Thumb Code   138  ui.o(i.UI_Identify_Field)
    UI_Process_Touch                         0x000044f5   Thumb Code   260  ui.o(i.UI_Process_Touch)
    UI_Update_Field_Values                   0x00004609   Thumb Code    66  ui.o(i.UI_Update_Field_Values)
    Update_Set_Current                       0x00004659   Thumb Code    98  control.o(i.Update_Set_Current)
    _is_digit                                0x000046c9   Thumb Code    14  __printf_wp.o(i._is_digit)
    _mutex_acquire                           0x000046d9   Thumb Code    44  rtx_lib.o(i._mutex_acquire)
    _mutex_free                              0x00004709   Thumb Code    10  rtx_lib.o(i._mutex_free)
    _mutex_initialize                        0x00004713   Thumb Code    34  rtx_lib.o(i._mutex_initialize)
    _mutex_release                           0x00004735   Thumb Code    40  rtx_lib.o(i._mutex_release)
    _platform_post_stackheap_init            0x00004761   Thumb Code     8  rtx_lib.o(i._platform_post_stackheap_init)
    main                                     0x00004769   Thumb Code    86  main.o(i.main)
    osRtxErrorNotify                         0x000047cd   Thumb Code     2  rtx_config.o(i.osRtxErrorNotify)
    osRtxIdleThread                          0x000047d1   Thumb Code    10  rtx_config.o(i.osRtxIdleThread)
    request_conversion                       0x000047e1   Thumb Code    66  adc.o(i.request_conversion)
    __aeabi_fadd                             0x00004831   Thumb Code     0  faddsub.o(x$fpl$fadd)
    _fadd                                    0x00004831   Thumb Code   134  faddsub.o(x$fpl$fadd)
    __aeabi_fmul                             0x000048bd   Thumb Code     0  fmul.o(x$fpl$fmul)
    _fmul                                    0x000048bd   Thumb Code   172  fmul.o(x$fpl$fmul)
    __aeabi_cfrcmple                         0x0000496d   Thumb Code     0  frlef.o(x$fpl$frleqf)
    _frcmple                                 0x0000496d   Thumb Code    84  frlef.o(x$fpl$frleqf)
    __aeabi_fsub                             0x000049c5   Thumb Code     0  faddsub.o(x$fpl$fsub)
    _fsub                                    0x000049c5   Thumb Code   204  faddsub.o(x$fpl$fsub)
    Read_TS_attr                             0x00004a94   Data          36  threads.o(.constdata)
    __I$use$fp                               0x00004a94   Number         0  usenofp.o(x$fpl$usenofp)
    Update_Screen_attr                       0x00004ab8   Data          36  threads.o(.constdata)
    BUS_attr                                 0x00004adc   Data          36  threads.o(.constdata)
    LCD_mutex_attr                           0x00004b00   Data          16  threads.o(.constdata)
    Fault_attr                               0x00004b10   Data          36  fault.o(.constdata)
    Lucida_Console12x19                      0x00004b34   Data        3831  lucida_12x19.o(.constdata)
    Init_Seq_ST7789                          0x00005a2b   Data         142  st7789.o(.constdata)
    RegionTable                              0x00005abc   Data          32  region.o(.constdata)
    NumProfileRegions                        0x00005adc   Data           4  region.o(.constdata)
    osRtxUserSVC                             0x00005b40   Data           4  rtx_lib.o(.constdata)
    osRtxConfig                              0x00005b64   Data         104  rtx_lib.o(.rodata)
    os_cb_sections                           0x00005bcc   Data          56  rtx_lib.o(.rodata)
    Region$$Table$$Base                      0x00005c10   Number         0  anon$$obj.o(Region$$Table)
    Region$$Table$$Limit                     0x00005c30   Number         0  anon$$obj.o(Region$$Table)
    .bss.os.msgqueue.cb$$Base                0x20000040   Number         0  rtx_lib.o(.bss.os.msgqueue.cb)
    .bss.os.msgqueue.cb$$Limit               0x20000074   Number         0  rtx_lib.o(.bss.os.msgqueue.cb)
    .bss.os.thread.cb$$Base                  0x200000c4   Number         0  rtx_lib.o(.bss.os.thread.cb)
    .bss.os.thread.cb$$Limit                 0x2000014c   Number         0  rtx_lib.o(.bss.os.thread.cb)
    g_disp_buffer                            0x20000350   Data           1  control.o(.data)
    g_set_current_sample                     0x20000352   Data           2  control.o(.data)
    g_duty_cycle                             0x20000358   Data           4  control.o(.data)
    g_enable_flash                           0x2000035c   Data           4  control.o(.data)
    g_peak_set_current                       0x20000360   Data           4  control.o(.data)
    g_flash_duration                         0x20000364   Data           4  control.o(.data)
    g_flash_period                           0x20000368   Data           4  control.o(.data)
    g_enable_control                         0x2000036c   Data           4  control.o(.data)
    g_set_current                            0x20000370   Data           4  control.o(.data)
    pGain_8                                  0x20000374   Data           4  control.o(.data)
    g_trigger_pt                             0x20000378   Data           4  control.o(.data)
    g_measured_current                       0x20000388   Data           4  control.o(.data)
    plantPID                                 0x2000038c   Data          28  control.o(.data)
    plantPID_FX                              0x200003a8   Data          28  control.o(.data)
    read_buffer_num                          0x200003c4   Data           1  dma.o(.data)
    Reload_DMA_Byte_Count                    0x200003c8   Data           4  dma.o(.data)
    DMA_Playback_Count                       0x200003cc   Data           4  dma.o(.data)
    Reload_DMA_Source                        0x200003d0   Data           8  dma.o(.data)
    control_mode                             0x200003d8   Data           1  main.o(.data)
    t_Read_TS                                0x200003dc   Data           4  threads.o(.data)
    t_US                                     0x200003e0   Data           4  threads.o(.data)
    t_BUS                                    0x200003e4   Data           4  threads.o(.data)
    LCD_mutex                                0x200003e8   Data           4  threads.o(.data)
    t_Refill_Sound_Buffer                    0x200003ec   Data           4  threads.o(.data)
    PC_val                                   0x200003f0   Data           4  timers.o(.data)
    g_scope_height                           0x200003f8   Data           4  ui.o(.data)
    g_holdoff                                0x200003fc   Data           4  ui.o(.data)
    UI_sel_field                             0x20000400   Data           4  ui.o(.data)
    Fields                                   0x20000408   Data         672  ui.o(.data)
    Slider                                   0x200006a8   Data          48  ui.o(.data)
    ADC_RequestQueue                         0x200006e8   Data           4  adc.o(.data)
    ADC_ResponseQueue                        0x200006ec   Data           4  adc.o(.data)
    t_Fault                                  0x20000700   Data           4  fault.o(.data)
    Fault_Tests                              0x20000704   Data          11  fault.o(.data)
    G_LCD_char_width                         0x20000710   Data           1  lcd_text.o(.data)
    G_LCD_char_height                        0x20000711   Data           1  lcd_text.o(.data)
    fg                                       0x20000712   Data           3  lcd_text.o(.data)
    bg                                       0x20000715   Data           3  lcd_text.o(.data)
    font                                     0x20000718   Data           4  lcd_text.o(.data)
    font_header                              0x2000071c   Data           4  lcd_text.o(.data)
    glyph_index                              0x20000720   Data           4  lcd_text.o(.data)
    LCD_TS_Calibrated                        0x20000724   Data           1  touchscreen.o(.data)
    LCD_TS_X_Scale                           0x2000072c   Data           4  touchscreen.o(.data)
    LCD_TS_X_Offset                          0x20000730   Data           4  touchscreen.o(.data)
    LCD_TS_Y_Scale                           0x20000734   Data           4  touchscreen.o(.data)
    LCD_TS_Y_Offset                          0x20000738   Data           4  touchscreen.o(.data)
    TS_Min                                   0x2000073c   Data           8  touchscreen.o(.data)
    TS_Max                                   0x20000744   Data           8  touchscreen.o(.data)
    black                                    0x2000074c   Data           3  colors.o(.data)
    white                                    0x2000074f   Data           3  colors.o(.data)
    red                                      0x20000752   Data           3  colors.o(.data)
    green                                    0x20000755   Data           3  colors.o(.data)
    yellow                                   0x20000758   Data           3  colors.o(.data)
    dark_red                                 0x2000075b   Data           3  colors.o(.data)
    orange                                   0x2000075e   Data           3  colors.o(.data)
    light_gray                               0x20000761   Data           3  colors.o(.data)
    dark_gray                                0x20000764   Data           3  colors.o(.data)
    light_blue                               0x20000767   Data           3  colors.o(.data)
    adx_lost                                 0x2000076c   Data           4  profile.o(.data)
    num_lost                                 0x20000770   Data           4  profile.o(.data)
    profile_samples                          0x20000774   Data           4  profile.o(.data)
    profiling_enabled                        0x20000778   Data           1  profile.o(.data)
    RegionCount                              0x2000077c   Data           4  region.o(.data)
    SystemCoreClock                          0x20000784   Data           4  system_mkl25z4.o(.data)
    osRtxInfo                                0x20000788   Data         164  rtx_kernel.o(.data.os)
    g_set_sample                             0x20000900   Data        1920  control.o(.bss)
    g_meas_sample                            0x20001100   Data        1920  control.o(.bss)
    __libspace_start                         0x20001880   Data          96  libspace.o(.bss)
    __temporary_stack_top$libspace           0x200018e0   Data           0  libspace.o(.bss)



==============================================================================

Memory Map of the image

  Image Entry point : 0x000001a1

  Load Region LR_1 (Base: 0x00000000, Size: 0x0000745c, Max: 0xffffffff, ABSOLUTE, COMPRESSED[0x00005d98])

    Execution Region ER_RO (Exec base: 0x00000000, Load base: 0x00000000, Size: 0x00005c30, Max: 0xffffffff, ABSOLUTE)

    Exec Addr    Load Addr    Size         Type   Attr      Idx    E Section Name        Object

    0x00000000   0x00000000   0x000000c0   Data   RO         1350    RESET               startup_mkl25z4.o
    0x000000c0   0x000000c0   0x00000008   Code   RO         1915  * !!!main             c_p.l(__main.o)
    0x000000c8   0x000000c8   0x0000003c   Code   RO         2177    !!!scatter          c_p.l(__scatter.o)
    0x00000104   0x00000104   0x0000001c   Code   RO         2179    !!handler_zi        c_p.l(__scatter_zi.o)
    0x00000120   0x00000120   0x00000002   Code   RO         1900    .ARM.Collect$$_printf_percent$$00000000  c_p.l(_printf_percent.o)
    0x00000122   0x00000122   0x0000000a   Code   RO         1899    .ARM.Collect$$_printf_percent$$00000009  c_p.l(_printf_d.o)
    0x0000012c   0x0000012c   0x0000000a   Code   RO         1898    .ARM.Collect$$_printf_percent$$00000014  c_p.l(_printf_s.o)
    0x00000136   0x00000136   0x00000004   Code   RO         1969    .ARM.Collect$$_printf_percent$$00000017  c_p.l(_printf_percent_end.o)
    0x0000013a   0x0000013a   0x00000002   Code   RO         2045    .ARM.Collect$$libinit$$00000000  c_p.l(libinit.o)
    0x0000013c   0x0000013c   0x00000000   Code   RO         2058    .ARM.Collect$$libinit$$00000002  c_p.l(libinit2.o)
    0x0000013c   0x0000013c   0x00000000   Code   RO         2060    .ARM.Collect$$libinit$$00000004  c_p.l(libinit2.o)
    0x0000013c   0x0000013c   0x00000000   Code   RO         2063    .ARM.Collect$$libinit$$0000000A  c_p.l(libinit2.o)
    0x0000013c   0x0000013c   0x00000000   Code   RO         2065    .ARM.Collect$$libinit$$0000000C  c_p.l(libinit2.o)
    0x0000013c   0x0000013c   0x00000000   Code   RO         2067    .ARM.Collect$$libinit$$0000000E  c_p.l(libinit2.o)
    0x0000013c   0x0000013c   0x00000000   Code   RO         2070    .ARM.Collect$$libinit$$00000011  c_p.l(libinit2.o)
    0x0000013c   0x0000013c   0x00000000   Code   RO         2072    .ARM.Collect$$libinit$$00000013  c_p.l(libinit2.o)
    0x0000013c   0x0000013c   0x00000000   Code   RO         2074    .ARM.Collect$$libinit$$00000015  c_p.l(libinit2.o)
    0x0000013c   0x0000013c   0x00000000   Code   RO         2076    .ARM.Collect$$libinit$$00000017  c_p.l(libinit2.o)
    0x0000013c   0x0000013c   0x00000000   Code   RO         2078    .ARM.Collect$$libinit$$00000019  c_p.l(libinit2.o)
    0x0000013c   0x0000013c   0x00000000   Code   RO         2080    .ARM.Collect$$libinit$$0000001B  c_p.l(libinit2.o)
    0x0000013c   0x0000013c   0x00000000   Code   RO         2082    .ARM.Collect$$libinit$$0000001D  c_p.l(libinit2.o)
    0x0000013c   0x0000013c   0x00000000   Code   RO         2084    .ARM.Collect$$libinit$$0000001F  c_p.l(libinit2.o)
    0x0000013c   0x0000013c   0x00000000   Code   RO         2086    .ARM.Collect$$libinit$$00000021  c_p.l(libinit2.o)
    0x0000013c   0x0000013c   0x00000000   Code   RO         2088    .ARM.Collect$$libinit$$00000023  c_p.l(libinit2.o)
    0x0000013c   0x0000013c   0x00000000   Code   RO         2090    .ARM.Collect$$libinit$$00000025  c_p.l(libinit2.o)
    0x0000013c   0x0000013c   0x00000000   Code   RO         2094    .ARM.Collect$$libinit$$0000002C  c_p.l(libinit2.o)
    0x0000013c   0x0000013c   0x00000000   Code   RO         2096    .ARM.Collect$$libinit$$0000002E  c_p.l(libinit2.o)
    0x0000013c   0x0000013c   0x00000000   Code   RO         2098    .ARM.Collect$$libinit$$00000030  c_p.l(libinit2.o)
    0x0000013c   0x0000013c   0x00000000   Code   RO         2100    .ARM.Collect$$libinit$$00000032  c_p.l(libinit2.o)
    0x0000013c   0x0000013c   0x00000002   Code   RO         2101    .ARM.Collect$$libinit$$00000033  c_p.l(libinit2.o)
    0x0000013e   0x0000013e   0x00000002   Code   RO         2132    .ARM.Collect$$libshutdown$$00000000  c_p.l(libshutdown.o)
    0x00000140   0x00000140   0x00000000   Code   RO         2158    .ARM.Collect$$libshutdown$$00000002  c_p.l(libshutdown2.o)
    0x00000140   0x00000140   0x00000000   Code   RO         2160    .ARM.Collect$$libshutdown$$00000004  c_p.l(libshutdown2.o)
    0x00000140   0x00000140   0x00000000   Code   RO         2163    .ARM.Collect$$libshutdown$$00000007  c_p.l(libshutdown2.o)
    0x00000140   0x00000140   0x00000000   Code   RO         2166    .ARM.Collect$$libshutdown$$0000000A  c_p.l(libshutdown2.o)
    0x00000140   0x00000140   0x00000000   Code   RO         2168    .ARM.Collect$$libshutdown$$0000000C  c_p.l(libshutdown2.o)
    0x00000140   0x00000140   0x00000000   Code   RO         2171    .ARM.Collect$$libshutdown$$0000000F  c_p.l(libshutdown2.o)
    0x00000140   0x00000140   0x00000002   Code   RO         2172    .ARM.Collect$$libshutdown$$00000010  c_p.l(libshutdown2.o)
    0x00000142   0x00000142   0x00000000   Code   RO         1952    .ARM.Collect$$rtentry$$00000000  c_p.l(__rtentry.o)
    0x00000142   0x00000142   0x00000000   Code   RO         1999    .ARM.Collect$$rtentry$$00000002  c_p.l(__rtentry2.o)
    0x00000142   0x00000142   0x00000006   Code   RO         2011    .ARM.Collect$$rtentry$$00000004  c_p.l(__rtentry4.o)
    0x00000148   0x00000148   0x00000008   Code   RO         2000    .ARM.Collect$$rtentry$$00000008  c_p.l(__rtentry2.o)
    0x00000150   0x00000150   0x00000004   Code   RO         2002    .ARM.Collect$$rtentry$$0000000A  c_p.l(__rtentry2.o)
    0x00000154   0x00000154   0x00000000   Code   RO         2004    .ARM.Collect$$rtentry$$0000000C  c_p.l(__rtentry2.o)
    0x00000154   0x00000154   0x00000008   Code   RO         2005    .ARM.Collect$$rtentry$$0000000D  c_p.l(__rtentry2.o)
    0x0000015c   0x0000015c   0x00000002   Code   RO         2049    .ARM.Collect$$rtexit$$00000000  c_p.l(rtexit.o)
    0x0000015e   0x0000015e   0x00000000   Code   RO         2105    .ARM.Collect$$rtexit$$00000002  c_p.l(rtexit2.o)
    0x0000015e   0x0000015e   0x00000004   Code   RO         2106    .ARM.Collect$$rtexit$$00000003  c_p.l(rtexit2.o)
    0x00000162   0x00000162   0x00000006   Code   RO         2107    .ARM.Collect$$rtexit$$00000004  c_p.l(rtexit2.o)
    0x00000168   0x00000168   0x00000038   Code   RO         1903    .emb_text           c_p.l(rt_memcpy.o)
    0x000001a0   0x000001a0   0x00000040   Code   RO         1352  * .text               startup_mkl25z4.o
    0x000001e0   0x000001e0   0x000000a4   Code   RO         1702    .text               RTX_CM0.lib(irq_cm0.o)
    0x00000284   0x00000284   0x00000030   Code   RO         1860    .text               c_p.l(llmul.o)
    0x000002b4   0x000002b4   0x00000028   Code   RO         1866    .text               c_p.l(noretval__2sprintf.o)
    0x000002dc   0x000002dc   0x00000038   Code   RO         1868    .text               c_p.l(noretval__2snprintf.o)
    0x00000314   0x00000314   0x0000004e   Code   RO         1872    .text               c_p.l(_printf_pad.o)
    0x00000362   0x00000362   0x00000052   Code   RO         1874    .text               c_p.l(_printf_str.o)
    0x000003b4   0x000003b4   0x00000044   Code   RO         1901    .text               c_p.l(strlen.o)
    0x000003f8   0x000003f8   0x00000006   Code   RO         1913    .text               c_p.l(heapauxi.o)
    0x000003fe   0x000003fe   0x00000002   Code   RO         2121    .text               c_p.l(use_no_semi.o)
    0x00000400   0x00000400   0x00000010   Code   RO         1351    .ARM.__at_0x400     startup_mkl25z4.o
    0x00000410   0x00000410   0x0000006c   Code   RO         1876    .text               c_p.l(_printf_dec.o)
    0x0000047c   0x0000047c   0x00000138   Code   RO         1890    .text               c_p.l(__printf_flags_wp.o)
    0x000005b4   0x000005b4   0x00000082   Code   RO         1904    .text               c_p.l(rt_memcpy.o)
    0x00000636   0x00000636   0x00000040   Code   RO         1907    .text               c_p.l(rt_memclr.o)
    0x00000676   0x00000676   0x000001e8   Code   RO         1909    .text               c_p.l(aeabi_sdivfast.o)
    0x0000085e   0x0000085e   0x00000002   PAD
    0x00000860   0x00000860   0x0000006c   Code   RO         1919    .text               fz_ps.l(dfixi.o)
    0x000008cc   0x000008cc   0x00000058   Code   RO         1921    .text               fz_ps.l(dflti.o)
    0x00000924   0x00000924   0x00000248   Code   RO         1923    .text               fz_ps.l(dmul.o)
    0x00000b6c   0x00000b6c   0x0000004c   Code   RO         1934    .text               fz_ps.l(ffixi.o)
    0x00000bb8   0x00000bb8   0x00000030   Code   RO         1936    .text               fz_ps.l(ffixui.o)
    0x00000be8   0x00000be8   0x0000005e   Code   RO         1938    .text               fz_ps.l(fflti.o)
    0x00000c46   0x00000c46   0x000000b0   Code   RO         1959    .text               c_p.l(_printf_intcommon.o)
    0x00000cf6   0x00000cf6   0x00000002   PAD
    0x00000cf8   0x00000cf8   0x00000030   Code   RO         1961    .text               c_p.l(_printf_char_common.o)
    0x00000d28   0x00000d28   0x0000000a   Code   RO         1963    .text               c_p.l(_sputc.o)
    0x00000d32   0x00000d32   0x00000010   Code   RO         1965    .text               c_p.l(_snputc.o)
    0x00000d42   0x00000d42   0x0000002e   Code   RO         1967    .text               c_p.l(_printf_char.o)
    0x00000d70   0x00000d70   0x00000028   Code   RO         1970    .text               c_p.l(rtudiv10.o)
    0x00000d98   0x00000d98   0x00000064   Code   RO         1972    .text               fz_ps.l(fcmpin.o)
    0x00000dfc   0x00000dfc   0x0000002e   Code   RO         2024    .text               fz_ps.l(cmpret.o)
    0x00000e2a   0x00000e2a   0x00000002   PAD
    0x00000e2c   0x00000e2c   0x00000010   Code   RO         2026    .text               fz_ps.l(fnan2.o)
    0x00000e3c   0x00000e3c   0x00000008   Code   RO         2030    .text               c_p.l(libspace.o)
    0x00000e44   0x00000e44   0x0000003e   Code   RO         2033    .text               c_p.l(sys_stackheap_outer.o)
    0x00000e82   0x00000e82   0x00000010   Code   RO         2036    .text               c_p.l(exit.o)
    0x00000e92   0x00000e92   0x0000005e   Code   RO         2046    .text               fz_ps.l(retnan.o)
    0x00000ef0   0x00000ef0   0x0000000c   Code   RO         2102    .text               c_p.l(sys_exit.o)
    0x00000efc   0x00000efc   0x00000000   Code   RO         2123    .text               c_p.l(indicate_semi.o)
    0x00000efc   0x00000efc   0x00000056   Code   RO         2175    .text               c_p.l(__dczerorl2.o)
    0x00000f52   0x00000f52   0x0000004a   Code   RO         1685    .text.MessageQueueGet  RTX_CM0.lib(rtx_msgqueue.o)
    0x00000f9c   0x00000f9c   0x00000062   Code   RO         1679    .text.MessageQueuePut  RTX_CM0.lib(rtx_msgqueue.o)
    0x00000ffe   0x00000ffe   0x0000001e   Code   RO         1677    .text.MessageQueueRemove  RTX_CM0.lib(rtx_msgqueue.o)
    0x0000101c   0x0000101c   0x0000000c   Code   RO         1837    .text.OS_Tick_AcknowledgeIRQ  RTX_CM0.lib(os_systick.o)
    0x00001028   0x00001028   0x0000002c   Code   RO         1833    .text.OS_Tick_Enable  RTX_CM0.lib(os_systick.o)
    0x00001054   0x00001054   0x00000006   Code   RO         1839    .text.OS_Tick_GetIRQn  RTX_CM0.lib(os_systick.o)
    0x0000105a   0x0000105a   0x00000002   PAD
    0x0000105c   0x0000105c   0x0000004c   Code   RO         1831    .text.OS_Tick_Setup  RTX_CM0.lib(os_systick.o)
    0x000010a8   0x000010a8   0x0000005c   Code   RO         1538    .text.ThreadFlagsCheck  RTX_CM0.lib(rtx_thread.o)
    0x00001104   0x00001104   0x0000004c   Code   RO         1723    .text.TimerInsert   RTX_CM0.lib(rtx_timer.o)
    0x00001150   0x00001150   0x00000028   Code   RO         1591    .text.osDelay       RTX_CM0.lib(rtx_delay.o)
    0x00001178   0x00001178   0x00000030   Code   RO         1399    .text.osKernelGetState  RTX_CM0.lib(rtx_kernel.o)
    0x000011a8   0x000011a8   0x00000028   Code   RO         1393    .text.osKernelInitialize  RTX_CM0.lib(rtx_kernel.o)
    0x000011d0   0x000011d0   0x00000024   Code   RO         1405    .text.osKernelLock  RTX_CM0.lib(rtx_kernel.o)
    0x000011f4   0x000011f4   0x00000024   Code   RO         1403    .text.osKernelStart  RTX_CM0.lib(rtx_kernel.o)
    0x00001218   0x00001218   0x00000074   Code   RO         1651    .text.osMessageQueueGet  RTX_CM0.lib(rtx_msgqueue.o)
    0x0000128c   0x0000128c   0x00000024   Code   RO         1645    .text.osMessageQueueNew  RTX_CM0.lib(rtx_msgqueue.o)
    0x000012b0   0x000012b0   0x00000074   Code   RO         1649    .text.osMessageQueuePut  RTX_CM0.lib(rtx_msgqueue.o)
    0x00001324   0x00001324   0x00000028   Code   RO         1616    .text.osMutexAcquire  RTX_CM0.lib(rtx_mutex.o)
    0x0000134c   0x0000134c   0x00000028   Code   RO         1622    .text.osMutexDelete  RTX_CM0.lib(rtx_mutex.o)
    0x00001374   0x00001374   0x00000024   Code   RO         1612    .text.osMutexNew    RTX_CM0.lib(rtx_mutex.o)
    0x00001398   0x00001398   0x00000028   Code   RO         1618    .text.osMutexRelease  RTX_CM0.lib(rtx_mutex.o)
    0x000013c0   0x000013c0   0x00000002   Code   RO         1391    .text.osRtxKernelPreInit  RTX_CM0.lib(rtx_kernel.o)
    0x000013c2   0x000013c2   0x0000007a   Code   RO         1750    .text.osRtxMemoryAlloc  RTX_CM0.lib(rtx_memory.o)
    0x0000143c   0x0000143c   0x0000004e   Code   RO         1752    .text.osRtxMemoryFree  RTX_CM0.lib(rtx_memory.o)
    0x0000148a   0x0000148a   0x00000030   Code   RO         1748    .text.osRtxMemoryInit  RTX_CM0.lib(rtx_memory.o)
    0x000014ba   0x000014ba   0x0000002e   Code   RO         1765    .text.osRtxMemoryPoolAlloc  RTX_CM0.lib(rtx_mempool.o)
    0x000014e8   0x000014e8   0x0000003a   Code   RO         1767    .text.osRtxMemoryPoolFree  RTX_CM0.lib(rtx_mempool.o)
    0x00001522   0x00001522   0x0000003c   Code   RO         1763    .text.osRtxMemoryPoolInit  RTX_CM0.lib(rtx_mempool.o)
    0x0000155e   0x0000155e   0x000000bc   Code   RO         1675    .text.osRtxMessageQueuePostProcess  RTX_CM0.lib(rtx_msgqueue.o)
    0x0000161a   0x0000161a   0x00000044   Code   RO         1608    .text.osRtxMutexOwnerRelease  RTX_CM0.lib(rtx_mutex.o)
    0x0000165e   0x0000165e   0x00000040   Code   RO         1610    .text.osRtxMutexOwnerRestore  RTX_CM0.lib(rtx_mutex.o)
    0x0000169e   0x0000169e   0x00000002   PAD
    0x000016a0   0x000016a0   0x00000084   Code   RO         1818    .text.osRtxPendSV_Handler  RTX_CM0.lib(rtx_system.o)
    0x00001724   0x00001724   0x00000070   Code   RO         1820    .text.osRtxPostProcess  RTX_CM0.lib(rtx_system.o)
    0x00001794   0x00001794   0x00000038   Code   RO         1478    .text.osRtxThreadBlock  RTX_CM0.lib(rtx_thread.o)
    0x000017cc   0x000017cc   0x0000007c   Code   RO         1486    .text.osRtxThreadDelayInsert  RTX_CM0.lib(rtx_thread.o)
    0x00001848   0x00001848   0x00000044   Code   RO         1482    .text.osRtxThreadDelayRemove  RTX_CM0.lib(rtx_thread.o)
    0x0000188c   0x0000188c   0x00000054   Code   RO         1466    .text.osRtxThreadDelayTick  RTX_CM0.lib(rtx_thread.o)
    0x000018e0   0x000018e0   0x00000050   Code   RO         1476    .text.osRtxThreadDispatch  RTX_CM0.lib(rtx_thread.o)
    0x00001930   0x00001930   0x00000054   Code   RO         1562    .text.osRtxThreadFree  RTX_CM0.lib(rtx_thread.o)
    0x00001984   0x00001984   0x00000014   Code   RO         1458    .text.osRtxThreadListGet  RTX_CM0.lib(rtx_thread.o)
    0x00001998   0x00001998   0x0000002c   Code   RO         1456    .text.osRtxThreadListPut  RTX_CM0.lib(rtx_thread.o)
    0x000019c4   0x000019c4   0x00000018   Code   RO         1462    .text.osRtxThreadListRemove  RTX_CM0.lib(rtx_thread.o)
    0x000019dc   0x000019dc   0x0000000c   Code   RO         1468    .text.osRtxThreadListRoot  RTX_CM0.lib(rtx_thread.o)
    0x000019e8   0x000019e8   0x00000024   Code   RO         1460    .text.osRtxThreadListSort  RTX_CM0.lib(rtx_thread.o)
    0x00001a0c   0x00001a0c   0x00000026   Code   RO         1536    .text.osRtxThreadPostProcess  RTX_CM0.lib(rtx_thread.o)
    0x00001a32   0x00001a32   0x00000002   PAD
    0x00001a34   0x00001a34   0x00000018   Code   RO         1464    .text.osRtxThreadReadyPut  RTX_CM0.lib(rtx_thread.o)
    0x00001a4c   0x00001a4c   0x00000006   Code   RO         1470    .text.osRtxThreadRegPtr  RTX_CM0.lib(rtx_thread.o)
    0x00001a52   0x00001a52   0x00000002   PAD
    0x00001a54   0x00001a54   0x0000002c   Code   RO         1474    .text.osRtxThreadStackCheck  RTX_CM0.lib(rtx_thread.o)
    0x00001a80   0x00001a80   0x00000040   Code   RO         1488    .text.osRtxThreadStartup  RTX_CM0.lib(rtx_thread.o)
    0x00001ac0   0x00001ac0   0x00000014   Code   RO         1472    .text.osRtxThreadSwitch  RTX_CM0.lib(rtx_thread.o)
    0x00001ad4   0x00001ad4   0x0000003c   Code   RO         1484    .text.osRtxThreadWaitEnter  RTX_CM0.lib(rtx_thread.o)
    0x00001b10   0x00001b10   0x00000022   Code   RO         1480    .text.osRtxThreadWaitExit  RTX_CM0.lib(rtx_thread.o)
    0x00001b32   0x00001b32   0x00000002   PAD
    0x00001b34   0x00001b34   0x00000074   Code   RO         1816    .text.osRtxTick_Handler  RTX_CM0.lib(rtx_system.o)
    0x00001ba8   0x00001ba8   0x0000003c   Code   RO         1707    .text.osRtxTimerThread  RTX_CM0.lib(rtx_timer.o)
    0x00001be4   0x00001be4   0x00000060   Code   RO         1709    .text.osRtxTimerTick  RTX_CM0.lib(rtx_timer.o)
    0x00001c44   0x00001c44   0x0000000c   Code   RO         1520    .text.osThreadExit  RTX_CM0.lib(rtx_thread.o)
    0x00001c50   0x00001c50   0x00000058   Code   RO         1528    .text.osThreadFlagsSet  RTX_CM0.lib(rtx_thread.o)
    0x00001ca8   0x00001ca8   0x00000028   Code   RO         1496    .text.osThreadGetId  RTX_CM0.lib(rtx_thread.o)
    0x00001cd0   0x00001cd0   0x00000024   Code   RO         1492    .text.osThreadNew   RTX_CM0.lib(rtx_thread.o)
    0x00001cf4   0x00001cf4   0x00000028   Code   RO         1506    .text.osThreadSetPriority  RTX_CM0.lib(rtx_thread.o)
    0x00001d1c   0x00001d1c   0x00000012   Code   RO         1595    .text.svcRtxDelay   RTX_CM0.lib(rtx_delay.o)
    0x00001d2e   0x00001d2e   0x00000002   PAD
    0x00001d30   0x00001d30   0x0000000c   Code   RO         1401    .text.svcRtxKernelGetState  RTX_CM0.lib(rtx_kernel.o)
    0x00001d3c   0x00001d3c   0x0000014c   Code   RO         1431    .text.svcRtxKernelInitialize  RTX_CM0.lib(rtx_kernel.o)
    0x00001e88   0x00001e88   0x00000024   Code   RO         1435    .text.svcRtxKernelLock  RTX_CM0.lib(rtx_kernel.o)
    0x00001eac   0x00001eac   0x00000080   Code   RO         1433    .text.svcRtxKernelStart  RTX_CM0.lib(rtx_kernel.o)
    0x00001f2c   0x00001f2c   0x000000e4   Code   RO         1687    .text.svcRtxMessageQueueGet  RTX_CM0.lib(rtx_msgqueue.o)
    0x00002010   0x00002010   0x000001e4   Code   RO         1673    .text.svcRtxMessageQueueNew  RTX_CM0.lib(rtx_msgqueue.o)
    0x000021f4   0x000021f4   0x000000b8   Code   RO         1683    .text.svcRtxMessageQueuePut  RTX_CM0.lib(rtx_msgqueue.o)
    0x000022ac   0x000022ac   0x00000098   Code   RO         1628    .text.svcRtxMutexAcquire  RTX_CM0.lib(rtx_mutex.o)
    0x00002344   0x00002344   0x000000b8   Code   RO         1634    .text.svcRtxMutexDelete  RTX_CM0.lib(rtx_mutex.o)
    0x000023fc   0x000023fc   0x00000070   Code   RO         1624    .text.svcRtxMutexNew  RTX_CM0.lib(rtx_mutex.o)
    0x0000246c   0x0000246c   0x000000bc   Code   RO         1630    .text.svcRtxMutexRelease  RTX_CM0.lib(rtx_mutex.o)
    0x00002528   0x00002528   0x0000006c   Code   RO         1566    .text.svcRtxThreadExit  RTX_CM0.lib(rtx_thread.o)
    0x00002594   0x00002594   0x0000006c   Code   RO         1574    .text.svcRtxThreadFlagsSet  RTX_CM0.lib(rtx_thread.o)
    0x00002600   0x00002600   0x0000000c   Code   RO         1498    .text.svcRtxThreadGetId  RTX_CM0.lib(rtx_thread.o)
    0x0000260c   0x0000260c   0x00000204   Code   RO         1490    .text.svcRtxThreadNew  RTX_CM0.lib(rtx_thread.o)
    0x00002810   0x00002810   0x00000046   Code   RO         1548    .text.svcRtxThreadSetPriority  RTX_CM0.lib(rtx_thread.o)
    0x00002856   0x00002856   0x00000002   PAD
    0x00002858   0x00002858   0x000000a8   Code   RO          715    i.ADC0_IRQHandler   adc.o
    0x00002900   0x00002900   0x00000004   Code   RO          271    i.Add_FX            fx.o
    0x00002904   0x00002904   0x0000003c   Code   RO            3    i.Control_DutyCycle_Handler  control.o
    0x00002940   0x00002940   0x0000024c   Code   RO            4    i.Control_HBLED     control.o
    0x00002b8c   0x00002b8c   0x0000001c   Code   RO            5    i.Control_IntNonNegative_Handler  control.o
    0x00002ba8   0x00002ba8   0x00000014   Code   RO            6    i.Control_OnOff_Handler  control.o
    0x00002bbc   0x00002bbc   0x0000003c   Code   RO          303    i.Control_RGB_LEDs  leds.o
    0x00002bf8   0x00002bf8   0x00000054   Code   RO          484    i.Create_OS_Objects  threads.o
    0x00002c4c   0x00002c4c   0x00000084   Code   RO          214    i.DMA0_IRQHandler   dma.o
    0x00002cd0   0x00002cd0   0x00000018   Code   RO          187    i.Delay             delay.o
    0x00002ce8   0x00002ce8   0x00000020   Code   RO          757    i.Fault_Init        fault.o
    0x00002d08   0x00002d08   0x00000004   Code   RO          758    i.Fault_Recursion_Test  fault.o
    0x00002d0c   0x00002d0c   0x00000074   Code   RO          716    i.Init_ADC          adc.o
    0x00002d80   0x00002d80   0x000000b0   Code   RO            8    i.Init_Buck_HBLED   control.o
    0x00002e30   0x00002e30   0x000000b8   Code   RO          164    i.Init_Debug_Signals  debug.o
    0x00002ee8   0x00002ee8   0x00000068   Code   RO          304    i.Init_RGB_LEDs     leds.o
    0x00002f50   0x00002f50   0x0000002c   Code   RO          961    i.LCD_24S_Write_Command  st7789.o
    0x00002f7c   0x00002f7c   0x00000234   Code   RO          807    i.LCD_Draw_Line     lcd_graphics.o
    0x000031b0   0x000031b0   0x00000010   Code   RO          860    i.LCD_Erase         lcd_text.o
    0x000031c0   0x000031c0   0x00000104   Code   RO          963    i.LCD_Fill_Buffer   st7789.o
    0x000032c4   0x000032c4   0x00000198   Code   RO          964    i.LCD_Fill_Rectangle  st7789.o
    0x0000345c   0x0000345c   0x0000013c   Code   RO          965    i.LCD_GPIO_Init     st7789.o
    0x00003598   0x00003598   0x000000d8   Code   RO          966    i.LCD_Init          st7789.o
    0x00003670   0x00003670   0x00000108   Code   RO          967    i.LCD_Plot_Pixel    st7789.o
    0x00003778   0x00003778   0x00000140   Code   RO          972    i.LCD_Start_Rectangle  st7789.o
    0x000038b8   0x000038b8   0x00000008   Code   RO         1094    i.LCD_TS_Init       touchscreen.o
    0x000038c0   0x000038c0   0x000001bc   Code   RO         1095    i.LCD_TS_Read       touchscreen.o
    0x00003a7c   0x00003a7c   0x0000003c   Code   RO          862    i.LCD_Text_Init     lcd_text.o
    0x00003ab8   0x00003ab8   0x000001a8   Code   RO          863    i.LCD_Text_PrintChar  lcd_text.o
    0x00003c60   0x00003c60   0x00000070   Code   RO          865    i.LCD_Text_PrintStr_RC  lcd_text.o
    0x00003cd0   0x00003cd0   0x00000028   Code   RO          866    i.LCD_Text_Set_Colors  lcd_text.o
    0x00003cf8   0x00003cf8   0x00000058   Code   RO          974    i.LCD_Write_Rectangle_Pixel  st7789.o
    0x00003d50   0x00003d50   0x00000016   Code   RO          272    i.Multiply_FX       fx.o
    0x00003d66   0x00003d66   0x00000002   PAD
    0x00003d68   0x00003d68   0x000000a8   Code   RO          551    i.PIT_IRQHandler    timers.o
    0x00003e10   0x00003e10   0x000000b8   Code   RO          555    i.PWM_Init          timers.o
    0x00003ec8   0x00003ec8   0x00000008   Code   RO          556    i.PWM_Set_Value     timers.o
    0x00003ed0   0x00003ed0   0x00000010   Code   RO          397    i.Sound_Disable_Amp  sound.o
    0x00003ee0   0x00003ee0   0x00000004   Code   RO          273    i.Subtract_FX       fx.o
    0x00003ee4   0x00003ee4   0x000000e8   Code   RO         1361    i.SystemInit        system_mkl25z4.o
    0x00003fcc   0x00003fcc   0x0000003c   Code   RO          557    i.TPM0_IRQHandler   timers.o
    0x00004008   0x00004008   0x00000010   Code   RO          559    i.TPM0_Start        timers.o
    0x00004018   0x00004018   0x0000000c   Code   RO          485    i.Thread_Buck_Update_Setpoint  threads.o
    0x00004024   0x00004024   0x00000188   Code   RO          760    i.Thread_Fault_Injector  fault.o
    0x000041ac   0x000041ac   0x0000001a   Code   RO          486    i.Thread_Read_TS    threads.o
    0x000041c6   0x000041c6   0x00000002   PAD
    0x000041c8   0x000041c8   0x00000024   Code   RO          487    i.Thread_Update_Screen  threads.o
    0x000041ec   0x000041ec   0x0000013c   Code   RO          639    i.UI_Draw_Scope     ui.o
    0x00004328   0x00004328   0x00000130   Code   RO          640    i.UI_Draw_Screen    ui.o
    0x00004458   0x00004458   0x0000009c   Code   RO          642    i.UI_Identify_Field  ui.o
    0x000044f4   0x000044f4   0x00000114   Code   RO          643    i.UI_Process_Touch  ui.o
    0x00004608   0x00004608   0x00000050   Code   RO          645    i.UI_Update_Field_Values  ui.o
    0x00004658   0x00004658   0x00000070   Code   RO           15    i.Update_Set_Current  control.o
    0x000046c8   0x000046c8   0x0000000e   Code   RO         1888    i._is_digit         c_p.l(__printf_wp.o)
    0x000046d6   0x000046d6   0x00000002   PAD
    0x000046d8   0x000046d8   0x00000030   Code   RO         1239    i._mutex_acquire    rtx_lib.o
    0x00004708   0x00004708   0x0000000a   Code   RO         1240    i._mutex_free       rtx_lib.o
    0x00004712   0x00004712   0x00000022   Code   RO         1241    i._mutex_initialize  rtx_lib.o
    0x00004734   0x00004734   0x0000002c   Code   RO         1242    i._mutex_release    rtx_lib.o
    0x00004760   0x00004760   0x00000008   Code   RO         1243    i._platform_post_stackheap_init  rtx_lib.o
    0x00004768   0x00004768   0x00000064   Code   RO          329    i.main              main.o
    0x000047cc   0x000047cc   0x00000002   Code   RO         1320    i.osRtxErrorNotify  rtx_config.o
    0x000047ce   0x000047ce   0x00000002   PAD
    0x000047d0   0x000047d0   0x00000010   Code   RO         1321    i.osRtxIdleThread   rtx_config.o
    0x000047e0   0x000047e0   0x00000050   Code   RO          717    i.request_conversion  adc.o
    0x00004830   0x00004830   0x0000008c   Code   RO         1925    x$fpl$fadd          fz_ps.l(faddsub.o)
    0x000048bc   0x000048bc   0x000000b0   Code   RO         1940    x$fpl$fmul          fz_ps.l(fmul.o)
    0x0000496c   0x0000496c   0x00000058   Code   RO         1942    x$fpl$frleqf        fz_ps.l(frlef.o)
    0x000049c4   0x000049c4   0x000000d0   Code   RO         1927    x$fpl$fsub          fz_ps.l(faddsub.o)
    0x00004a94   0x00004a94   0x00000000   Code   RO         1976    x$fpl$usenofp       fz_ps.l(usenofp.o)
    0x00004a94   0x00004a94   0x0000007c   Data   RO          488    .constdata          threads.o
    0x00004b10   0x00004b10   0x00000024   Data   RO          761    .constdata          fault.o
    0x00004b34   0x00004b34   0x00000ef7   Data   RO          941    .constdata          lucida_12x19.o
    0x00005a2b   0x00005a2b   0x0000008e   Data   RO          978    .constdata          st7789.o
    0x00005ab9   0x00005ab9   0x00000003   PAD
    0x00005abc   0x00005abc   0x00000020   Data   RO         1221    .constdata          region.o
    0x00005adc   0x00005adc   0x00000004   Data   RO         1222    .constdata          region.o
    0x00005ae0   0x00005ae0   0x00000024   Data   RO         1253    .constdata          rtx_lib.o
    0x00005b04   0x00005b04   0x00000024   Data   RO         1254    .constdata          rtx_lib.o
    0x00005b28   0x00005b28   0x00000018   Data   RO         1255    .constdata          rtx_lib.o
    0x00005b40   0x00005b40   0x00000004   Data   RO         1256    .constdata          rtx_lib.o
    0x00005b44   0x00005b44   0x00000011   Data   RO         1891    .constdata          c_p.l(__printf_flags_wp.o)
    0x00005b55   0x00005b55   0x00000003   PAD
    0x00005b58   0x00005b58   0x0000000a   Data   RO          489    .conststring        threads.o
    0x00005b62   0x00005b62   0x00000002   PAD
    0x00005b64   0x00005b64   0x000000a0   Data   RO         1259    .rodata             rtx_lib.o
    0x00005c04   0x00005c04   0x0000000b   Data   RO         1445    .rodata.str1.4      RTX_CM0.lib(rtx_kernel.o)
    0x00005c0f   0x00005c0f   0x00000001   PAD
    0x00005c10   0x00005c10   0x00000020   Data   RO         2173    Region$$Table       anon$$obj.o


    Execution Region ER_RW (Exec base: 0x1ffff000, Load base: 0x00005c30, Size: 0x0000182c, Max: 0xffffffff, ABSOLUTE, COMPRESSED[0x00000168])

    Exec Addr    Load Addr    Size         Type   Attr      Idx    E Section Name        Object

    0x1ffff000   COMPRESSED   0x00001000   Data   RW         1244    .bss.os             rtx_lib.o
    0x20000000   COMPRESSED   0x00000040   Data   RW         1245    .bss.os             rtx_lib.o
    0x20000040   COMPRESSED   0x00000034   Data   RW         1247    .bss.os.msgqueue.cb  rtx_lib.o
    0x20000074   COMPRESSED   0x00000050   Data   RW         1248    .bss.os.msgqueue.mem  rtx_lib.o
    0x200000c4   COMPRESSED   0x00000044   Data   RW         1249    .bss.os.thread.cb   rtx_lib.o
    0x20000108   COMPRESSED   0x00000044   Data   RW         1250    .bss.os.thread.cb   rtx_lib.o
    0x2000014c   COMPRESSED   0x00000004   PAD
    0x20000150   COMPRESSED   0x00000100   Data   RW         1251    .bss.os.thread.stack  rtx_lib.o
    0x20000250   COMPRESSED   0x00000100   Data   RW         1252    .bss.os.thread.stack  rtx_lib.o
    0x20000350   COMPRESSED   0x00000074   Data   RW           17    .data               control.o
    0x200003c4   COMPRESSED   0x00000014   Data   RW          217    .data               dma.o
    0x200003d8   COMPRESSED   0x00000001   Data   RW          330    .data               main.o
    0x200003d9   COMPRESSED   0x00000003   PAD
    0x200003dc   COMPRESSED   0x00000010   Data   RW          490    .data               threads.o
    0x200003ec   COMPRESSED   0x00000004   Data   RW          492    .data               threads.o
    0x200003f0   COMPRESSED   0x00000008   Data   RW          562    .data               timers.o
    0x200003f8   COMPRESSED   0x000002e0   Data   RW          648    .data               ui.o
    0x200006d8   COMPRESSED   0x00000028   Data   RW          720    .data               adc.o
    0x20000700   COMPRESSED   0x0000000f   Data   RW          762    .data               fault.o
    0x2000070f   COMPRESSED   0x00000001   PAD
    0x20000710   COMPRESSED   0x00000014   Data   RW          868    .data               lcd_text.o
    0x20000724   COMPRESSED   0x00000028   Data   RW         1096    .data               touchscreen.o
    0x2000074c   COMPRESSED   0x00000003   Data   RW         1135    .data               colors.o
    0x2000074f   COMPRESSED   0x00000003   Data   RW         1136    .data               colors.o
    0x20000752   COMPRESSED   0x00000003   Data   RW         1137    .data               colors.o
    0x20000755   COMPRESSED   0x00000003   Data   RW         1138    .data               colors.o
    0x20000758   COMPRESSED   0x00000003   Data   RW         1140    .data               colors.o
    0x2000075b   COMPRESSED   0x00000003   Data   RW         1143    .data               colors.o
    0x2000075e   COMPRESSED   0x00000003   Data   RW         1149    .data               colors.o
    0x20000761   COMPRESSED   0x00000003   Data   RW         1150    .data               colors.o
    0x20000764   COMPRESSED   0x00000003   Data   RW         1151    .data               colors.o
    0x20000767   COMPRESSED   0x00000003   Data   RW         1152    .data               colors.o
    0x2000076a   COMPRESSED   0x00000002   PAD
    0x2000076c   COMPRESSED   0x00000004   Data   RW         1171    .data               profile.o
    0x20000770   COMPRESSED   0x00000004   Data   RW         1172    .data               profile.o
    0x20000774   COMPRESSED   0x00000004   Data   RW         1173    .data               profile.o
    0x20000778   COMPRESSED   0x00000001   Data   RW         1174    .data               profile.o
    0x20000779   COMPRESSED   0x00000003   PAD
    0x2000077c   COMPRESSED   0x00000004   Data   RW         1223    .data               region.o
    0x20000780   COMPRESSED   0x00000001   Data   RW         1258    .data               rtx_lib.o
    0x20000781   COMPRESSED   0x00000003   PAD
    0x20000784   COMPRESSED   0x00000004   Data   RW         1362    .data               system_mkl25z4.o
    0x20000788   COMPRESSED   0x000000a4   Data   RW         1446    .data.os            RTX_CM0.lib(rtx_kernel.o)


    Execution Region ER_ZI (Exec base: 0x2000082c, Load base: 0x00005d98, Size: 0x000013bc, Max: 0xffffffff, ABSOLUTE)

    Exec Addr    Load Addr    Size         Type   Attr      Idx    E Section Name        Object

    0x2000082c   0x00005d98   0x000000d4   PAD
    0x20000900        -       0x00000f80   Zero   RW           16    .bss                control.o
    0x20001880        -       0x00000060   Zero   RW         2031    .bss                c_p.l(libspace.o)
    0x200018e0        -       0x00000001   Zero   RW         1849    .bss.PendST         RTX_CM0.lib(os_systick.o)
    0x200018e1   0x00005d98   0x00000007   PAD
    0x200018e8        -       0x00000000   Zero   RW         1349    HEAP                startup_mkl25z4.o
    0x200018e8        -       0x00000300   Zero   RW         1348    STACK               startup_mkl25z4.o


==============================================================================

Image component sizes


      Code (inc. data)   RO Data    RW Data    ZI Data      Debug   Object Name

       364         66          0         40          0       3790   adc.o
         0          0          0         30          0       1217   colors.o
       984        114          0        116       3968     236400   control.o
       184         26          0          0          0        561   debug.o
        24          4          0          0          0        872   delay.o
       132         30          0         20          0     224832   dma.o
       428        112         36         15          0      11421   fault.o
        30          0          0          0          0       1593   fx.o
       564          0          0          0          0       5362   lcd_graphics.o
       652         56          0         20          0       6374   lcd_text.o
       164         30          0          0          0       1143   leds.o
         0          0       3831          0          0        630   lucida_12x19.o
       100         14          0          1          0       4474   main.o
         0          0          0         13          0        442   profile.o
         0          0         36          4          0       1174   region.o
        18          6          0          0          0        973   rtx_config.o
       144          8        260       4941          0      12258   rtx_lib.o
        16          6          0          0          0        436   sound.o
      1916         82        142          0          0       8790   st7789.o
        80         44        192          0        768        956   startup_mkl25z4.o
       232         48          0          4          0        899   system_mkl25z4.o
       158         40        134         20          0       7105   threads.o
       436         86          0          8          0       4341   timers.o
       452         22          0         40          0       2660   touchscreen.o
      1132        128          0        736          0       7179   ui.o

    ----------------------------------------------------------------------
      8216        922       4668       6024       4736     545882   Object Totals
         0          0         32          0          0          0   (incl. Generated)
         6          0          5         16          0          0   (incl. Padding)

    ----------------------------------------------------------------------

      Code (inc. data)   RO Data    RW Data    ZI Data      Debug   Library Member Name

       164          8          0          0          0        500   irq_cm0.o
       138         32          0          0          1       2769   os_systick.o
        58          4          0          0          0       2723   rtx_delay.o
       670         56         11        164          0      16196   rtx_kernel.o
       248          0          0          0          0       2674   rtx_memory.o
       164          0          0          0          0      14367   rtx_mempool.o
      1554         44          0          0          0      18006   rtx_msgqueue.o
       924         32          0          0          0       9526   rtx_mutex.o
       360         26          0          0          0       4670   rtx_system.o
      2044        116          0          0          0      31262   rtx_thread.o
       232         20          0          0          0      10004   rtx_timer.o
        86          0          0          0          0          0   __dczerorl2.o
         8          0          0          0          0         68   __main.o
       312          6         17          0          0         76   __printf_flags_wp.o
        14          0          0          0          0         60   __printf_wp.o
         0          0          0          0          0          0   __rtentry.o
        20          0          0          0          0          0   __rtentry2.o
         6          0          0          0          0          0   __rtentry4.o
        60          8          0          0          0          0   __scatter.o
        28          0          0          0          0          0   __scatter_zi.o
        46          0          0          0          0        100   _printf_char.o
        48          6          0          0          0         88   _printf_char_common.o
        10          0          0          0          0          0   _printf_d.o
       108         18          0          0          0         76   _printf_dec.o
       176          0          0          0          0         84   _printf_intcommon.o
        78          0          0          0          0        100   _printf_pad.o
         2          0          0          0          0          0   _printf_percent.o
         4          0          0          0          0          0   _printf_percent_end.o
        10          0          0          0          0          0   _printf_s.o
        82          0          0          0          0         72   _printf_str.o
        16          0          0          0          0         60   _snputc.o
        10          0          0          0          0         60   _sputc.o
       488          0          0          0          0         92   aeabi_sdivfast.o
        16          0          0          0          0         68   exit.o
         6          0          0          0          0        136   heapauxi.o
         0          0          0          0          0          0   indicate_semi.o
         2          0          0          0          0          0   libinit.o
         2          0          0          0          0          0   libinit2.o
         2          0          0          0          0          0   libshutdown.o
         2          0          0          0          0          0   libshutdown2.o
         8          4          0          0         96         68   libspace.o
        48          0          0          0          0         72   llmul.o
        56          6          0          0          0         84   noretval__2snprintf.o
        40          4          0          0          0         84   noretval__2sprintf.o
        64          0          0          0          0        108   rt_memclr.o
       186          0          0          0          0        144   rt_memcpy.o
         2          0          0          0          0          0   rtexit.o
        10          0          0          0          0          0   rtexit2.o
        40          0          0          0          0         60   rtudiv10.o
        68          6          0          0          0         72   strlen.o
        12          4          0          0          0         60   sys_exit.o
        62          0          0          0          0         80   sys_stackheap_outer.o
         2          0          0          0          0         68   use_no_semi.o
        46          0          0          0          0         60   cmpret.o
       108         10          0          0          0         72   dfixi.o
        88          0          0          0          0         92   dflti.o
       584         26          0          0          0         84   dmul.o
       348          8          0          0          0        160   faddsub.o
       100          4          0          0          0         68   fcmpin.o
        76          0          0          0          0         68   ffixi.o
        48          0          0          0          0         60   ffixui.o
        94          0          0          0          0         92   fflti.o
       176          4          0          0          0         80   fmul.o
        16          6          0          0          0         68   fnan2.o
        88          4          0          0          0         76   frlef.o
        94          0          0          0          0         68   retnan.o
         0          0          0          0          0          0   usenofp.o

    ----------------------------------------------------------------------
     10684        462         32        164        316     115785   Library Totals
        22          0          4          0        219          0   (incl. Padding)

    ----------------------------------------------------------------------

      Code (inc. data)   RO Data    RW Data    ZI Data      Debug   Library Name

      6556        338         11        164          1     112697   RTX_CM0.lib
      2240         62         17          0         96       2040   c_p.l
      1866         62          0          0          0       1048   fz_ps.l

    ----------------------------------------------------------------------
     10684        462         32        164        316     115785   Library Totals

    ----------------------------------------------------------------------

==============================================================================


      Code (inc. data)   RO Data    RW Data    ZI Data      Debug   

     18900       1384       4700       6188       5052     657375   Grand Totals
     18900       1384       4700        360       5052     657375   ELF Image Totals (compressed)
     18900       1384       4700        360          0          0   ROM Totals

==============================================================================

    Total RO  Size (Code + RO Data)                23600 (  23.05kB)
    Total RW  Size (RW Data + ZI Data)             11240 (  10.98kB)
    Total ROM Size (Code + RO Data + RW Data)      23960 (  23.40kB)

==============================================================================

